MPLINK 5.00, LINKER
Linker Map File - Created Sun Dec 03 04:59:17 2017

                                 Section Info
                  Section       Type    Address   Location Size(Bytes)
                ---------  ---------  ---------  ---------  ---------
               _entry_scn       code   0x000000    program   0x000006
       .code__user_putc.o       code   0x000006    program   0x000002
              high_vector       code   0x000008    program   0x000998
                   .cinit    romdata   0x0009a0    program   0x00000e
         .code_vfprintf.o       code   0x0009ae    program   0x000c22
             .code_main.o       code   0x0015d0    program   0x000826
                     PROG       code   0x001df6    program   0x000636
              .code_log.o       code   0x00242c    program   0x0004fa
     .code_subFunctions.o       code   0x002926    program   0x000242
            .code_frexp.o       code   0x002b68    program   0x000124
         .code_UnpkMath.o       code   0x002c8c    program   0x00011c
         .code_PackMath.o       code   0x002da8    program   0x00011a
             .stringtable    romdata   0x002ec2    program   0x0000ff
        .romdata_t2open.o    romdata   0x002fc1    program   0x000000
        .idata_t2open.o_i    romdata   0x002fc1    program   0x000000
       .romdata_pw2open.o    romdata   0x002fc1    program   0x000000
       .idata_pw2open.o_i    romdata   0x002fc1    program   0x000000
       .romdata_adcopen.o    romdata   0x002fc1    program   0x000000
      .idata_fxd1616u.o_i    romdata   0x002fc1    program   0x000000
       .idata_adcconv.o_i    romdata   0x002fc1    program   0x000000
       .romdata_t0close.o    romdata   0x002fc1    program   0x000000
       .idata_t0close.o_i    romdata   0x002fc1    program   0x000000
      .idata_cp1close.o_i    romdata   0x002fc1    program   0x000000
      .romdata_adcclose.o    romdata   0x002fc1    program   0x000000
       .idata_adcread.o_i    romdata   0x002fc1    program   0x000000
       .romdata_cp1read.o    romdata   0x002fc1    program   0x000000
      .romdata_cap18def.o    romdata   0x002fc1    program   0x000000
       .idata_t0write.o_i    romdata   0x002fc1    program   0x000000
       .romdata_t0write.o    romdata   0x002fc1    program   0x000000
        .romdata___init.o    romdata   0x002fc1    program   0x000000
           .romdata_log.o    romdata   0x002fc1    program   0x000000
      .idata_UnpkMath.o_i    romdata   0x002fc1    program   0x000000
         .idata_errno.o_i    romdata   0x002fc1    program   0x000000
         .romdata_frexp.o    romdata   0x002fc1    program   0x000000
      .romdata_PackMath.o    romdata   0x002fc1    program   0x000000
       .idata_sprintf.o_i    romdata   0x002fc1    program   0x000000
       .romdata_sprintf.o    romdata   0x002fc1    program   0x000000
      .romdata_fxd3232u.o    romdata   0x002fc1    program   0x000000
       .idata_fxm3232.o_i    romdata   0x002fc1    program   0x000000
    .idata__user_putc.o_i    romdata   0x002fc1    program   0x000000
      .romdata_busyxlcd.o    romdata   0x002fc1    program   0x000000
      .idata_readaddr.o_i    romdata   0x002fc1    program   0x000000
      .idata_wcmdxlcd.o_i    romdata   0x002fc1    program   0x000000
      .romdata_readaddr.o    romdata   0x002fc1    program   0x000000
      .romdata_putrxlcd.o    romdata   0x002fc1    program   0x000000
      .idata_putrxlcd.o_i    romdata   0x002fc1    program   0x000000
      .idata_openxlcd.o_i    romdata   0x002fc1    program   0x000000
      .romdata_setcgram.o    romdata   0x002fc1    program   0x000000
      .romdata_openxlcd.o    romdata   0x002fc1    program   0x000000
      .idata_setcgram.o_i    romdata   0x002fc1    program   0x000000
         .idata_c018i.o_i    romdata   0x002fc1    program   0x000000
      .romdata_writdata.o    romdata   0x002fc1    program   0x000000
            .code_c018i.o       code   0x002fc2    program   0x000000
          .code_sprintf.o       code   0x002fc2    program   0x0000ac
            .code_errno.o       code   0x002fc2    program   0x000000
               _cinit_scn       code   0x00306e    program   0x00009e
                   STRING       code   0x00310c    program   0x00009a
         .code_openxlcd.o       code   0x0031a6    program   0x00009a
             .code_putc.o       code   0x003240    program   0x000084
          .code_pw2open.o       code   0x0032c4    program   0x000076
          .code_fxm3232.o       code   0x00333a    program   0x000070
         .code_pw2setdc.o       code   0x0033aa    program   0x00005e
         .code_putrxlcd.o       code   0x003408    program   0x000054
         .code_setddram.o       code   0x00345c    program   0x000048
         .code_setcgram.o       code   0x0034a4    program   0x000048
         .code_fxd3232u.o       code   0x0034ec    program   0x000048
          .code_adcopen.o       code   0x003534    program   0x000048
         .code_writdata.o       code   0x00357c    program   0x000046
         .code_wcmdxlcd.o       code   0x0035c2    program   0x000046
          .code_cp1read.o       code   0x003608    program   0x000046
         .code_readdata.o       code   0x00364e    program   0x000044
         .code_readaddr.o       code   0x003692    program   0x000044
         .code_putsxlcd.o       code   0x0036d6    program   0x000042
          .code_t0write.o       code   0x003718    program   0x000038
           .code_t0open.o       code   0x003750    program   0x000038
           .code_t2open.o       code   0x003788    program   0x000036
             D10KTCYXCODE       code   0x0037be    program   0x00002e
         .code_fxd1616u.o       code   0x0037ec    program   0x00002c
         .code_busyxlcd.o       code   0x003818    program   0x00002c
                    CTYPE       code   0x003844    program   0x000024
              D1KTCYXCODE       code   0x003868    program   0x000020
                    .code       code   0x003888    program   0x000020
             _startup_scn       code   0x0038a8    program   0x00001c
                    STDIO       code   0x0038c4    program   0x00001c
             D100TCYXCODE       code   0x0038e0    program   0x00001c
              D10TCYXCODE       code   0x0038fc    program   0x000016
          .code_adcread.o       code   0x003912    program   0x000012
      .romdata_vfprintf.o    romdata   0x003924    program   0x000011
         .idata_frexp.o_i    romdata   0x003935    program   0x000000
      .idata_setddram.o_i    romdata   0x003935    program   0x000000
      .idata_PackMath.o_i    romdata   0x003935    program   0x000000
         .romdata_errno.o    romdata   0x003935    program   0x000000
      .romdata_cp1close.o    romdata   0x003935    program   0x000000
      .idata_adcclose.o_i    romdata   0x003935    program   0x000000
      .romdata_setddram.o    romdata   0x003935    program   0x000000
  .romdata_subFunctions.o    romdata   0x003935    program   0x000000
      .idata_vfprintf.o_i    romdata   0x003935    program   0x000000
      .idata_writdata.o_i    romdata   0x003935    program   0x000000
      .idata_fxd3232u.o_i    romdata   0x003935    program   0x000000
  .idata_subFunctions.o_i    romdata   0x003935    program   0x000000
       .romdata_fxm3232.o    romdata   0x003935    program   0x000000
          .idata_putc.o_i    romdata   0x003935    program   0x000000
          .romdata_putc.o    romdata   0x003935    program   0x000000
    .romdata__user_putc.o    romdata   0x003935    program   0x000000
         .romdata_c018i.o    romdata   0x003935    program   0x000000
          .romdata_main.o    romdata   0x003935    program   0x000000
      .romdata_fxd1616u.o    romdata   0x003935    program   0x000000
       .idata_adcopen.o_i    romdata   0x003935    program   0x000000
      .idata_busyxlcd.o_i    romdata   0x003935    program   0x000000
        .idata_t0open.o_i    romdata   0x003935    program   0x000000
        .romdata_t0open.o    romdata   0x003935    program   0x000000
      .romdata_wcmdxlcd.o    romdata   0x003935    program   0x000000
       .romdata_adcread.o    romdata   0x003935    program   0x000000
       .idata_cp1read.o_i    romdata   0x003935    program   0x000000
      .romdata_readdata.o    romdata   0x003935    program   0x000000
      .idata_cap18def.o_i    romdata   0x003935    program   0x000000
      .idata_readdata.o_i    romdata   0x003935    program   0x000000
      .idata_pw2setdc.o_i    romdata   0x003935    program   0x000000
      .romdata_pw2setdc.o    romdata   0x003935    program   0x000000
      .romdata_UnpkMath.o    romdata   0x003935    program   0x000000
       .romdata_adcconv.o    romdata   0x003935    program   0x000000
       .romdata_t1close.o    romdata   0x003935    program   0x000000
        .idata___init.o_i    romdata   0x003935    program   0x000000
      .idata_putsxlcd.o_i    romdata   0x003935    program   0x000000
       .idata_t1close.o_i    romdata   0x003935    program   0x000000
           .idata_log.o_i    romdata   0x003935    program   0x000000
      .romdata_putsxlcd.o    romdata   0x003935    program   0x000000
          .code_t1close.o       code   0x003936    program   0x000006
         .code_cap18def.o       code   0x003936    program   0x000000
          .code_t0close.o       code   0x00393c    program   0x000006
         .code_cp1close.o       code   0x003942    program   0x000006
         .code_adcclose.o       code   0x003948    program   0x000006
          .code_adcconv.o       code   0x00394e    program   0x000004
           .code___init.o       code   0x003952    program   0x000002
          .idata_main.o_i    romdata   0x003954    program   0x00004a
    .config_300001_main.o    romdata   0x300001    program   0x000001
    .config_300003_main.o    romdata   0x300003    program   0x000001
    .config_300005_main.o    romdata   0x300005    program   0x000001
    .config_300006_main.o    romdata   0x300006    program   0x000001
                 .tmpdata      udata   0x000000       data   0x000020
                MATH_DATA      udata   0x000020       data   0x000014
                DELAYDAT2      udata   0x000034       data   0x000001
                DELAYDAT1      udata   0x000035       data   0x000001
            .idata_main.o      idata   0x000080       data   0x00004a
           .udata_c018i.o      udata   0x0000ca       data   0x00000a
           .udata_errno.o      udata   0x0000d4       data   0x000002
        .udata_cap18def.o      udata   0x0000d6       data   0x000001
         .idata_pw2open.o      idata   0x0000d7       data   0x000000
          .idata_t2open.o      idata   0x0000d7       data   0x000000
         .udata_adcread.o      udata   0x0000d7       data   0x000000
         .idata_adcread.o      idata   0x0000d7       data   0x000000
         .udata_cp1read.o      udata   0x0000d7       data   0x000000
         .idata_cp1read.o      idata   0x0000d7       data   0x000000
          .udata_t0open.o      udata   0x0000d7       data   0x000000
        .idata_cap18def.o      idata   0x0000d7       data   0x000000
        .udata_pw2setdc.o      udata   0x0000d7       data   0x000000
        .idata_pw2setdc.o      idata   0x0000d7       data   0x000000
         .udata_t0write.o      udata   0x0000d7       data   0x000000
         .idata_t0write.o      idata   0x0000d7       data   0x000000
          .udata_t2open.o      udata   0x0000d7       data   0x000000
          .udata___init.o      udata   0x0000d7       data   0x000000
          .idata___init.o      idata   0x0000d7       data   0x000000
          .idata_t0open.o      idata   0x0000d7       data   0x000000
      .idata__user_putc.o      idata   0x0000d7       data   0x000000
      .udata__user_putc.o      udata   0x0000d7       data   0x000000
            .idata_putc.o      idata   0x0000d7       data   0x000000
            .udata_putc.o      udata   0x0000d7       data   0x000000
         .idata_fxm3232.o      idata   0x0000d7       data   0x000000
         .udata_fxm3232.o      udata   0x0000d7       data   0x000000
        .idata_fxd3232u.o      idata   0x0000d7       data   0x000000
        .udata_fxd3232u.o      udata   0x0000d7       data   0x000000
        .idata_vfprintf.o      idata   0x0000d7       data   0x000000
        .udata_vfprintf.o      udata   0x0000d7       data   0x000000
         .idata_sprintf.o      idata   0x0000d7       data   0x000000
         .udata_sprintf.o      udata   0x0000d7       data   0x000000
        .idata_PackMath.o      idata   0x0000d7       data   0x000000
        .udata_PackMath.o      udata   0x0000d7       data   0x000000
           .idata_frexp.o      idata   0x0000d7       data   0x000000
           .udata_frexp.o      udata   0x0000d7       data   0x000000
           .idata_errno.o      idata   0x0000d7       data   0x000000
        .idata_UnpkMath.o      idata   0x0000d7       data   0x000000
        .udata_UnpkMath.o      udata   0x0000d7       data   0x000000
             .idata_log.o      idata   0x0000d7       data   0x000000
             .udata_log.o      udata   0x0000d7       data   0x000000
        .udata_openxlcd.o      udata   0x0000d7       data   0x000000
        .idata_readaddr.o      idata   0x0000d7       data   0x000000
        .udata_readaddr.o      udata   0x0000d7       data   0x000000
        .idata_busyxlcd.o      idata   0x0000d7       data   0x000000
        .udata_busyxlcd.o      udata   0x0000d7       data   0x000000
        .idata_wcmdxlcd.o      idata   0x0000d7       data   0x000000
        .udata_wcmdxlcd.o      udata   0x0000d7       data   0x000000
        .idata_readdata.o      idata   0x0000d7       data   0x000000
        .udata_readdata.o      udata   0x0000d7       data   0x000000
        .idata_putrxlcd.o      idata   0x0000d7       data   0x000000
        .udata_putrxlcd.o      udata   0x0000d7       data   0x000000
        .idata_putsxlcd.o      idata   0x0000d7       data   0x000000
        .udata_putsxlcd.o      udata   0x0000d7       data   0x000000
        .idata_setddram.o      idata   0x0000d7       data   0x000000
        .udata_setddram.o      udata   0x0000d7       data   0x000000
        .idata_setcgram.o      idata   0x0000d7       data   0x000000
        .udata_setcgram.o      udata   0x0000d7       data   0x000000
        .idata_writdata.o      idata   0x0000d7       data   0x000000
        .udata_writdata.o      udata   0x0000d7       data   0x000000
           .idata_c018i.o      idata   0x0000d7       data   0x000000
         .udata_pw2open.o      udata   0x0000d7       data   0x000000
         .idata_adcopen.o      idata   0x0000d7       data   0x000000
         .udata_adcopen.o      udata   0x0000d7       data   0x000000
        .idata_fxd1616u.o      idata   0x0000d7       data   0x000000
        .udata_fxd1616u.o      udata   0x0000d7       data   0x000000
         .idata_adcconv.o      idata   0x0000d7       data   0x000000
         .udata_adcconv.o      udata   0x0000d7       data   0x000000
         .idata_t1close.o      idata   0x0000d7       data   0x000000
         .udata_t1close.o      udata   0x0000d7       data   0x000000
         .idata_t0close.o      idata   0x0000d7       data   0x000000
         .udata_t0close.o      udata   0x0000d7       data   0x000000
        .idata_cp1close.o      idata   0x0000d7       data   0x000000
        .udata_cp1close.o      udata   0x0000d7       data   0x000000
        .idata_adcclose.o      idata   0x0000d7       data   0x000000
        .udata_adcclose.o      udata   0x0000d7       data   0x000000
    .idata_subFunctions.o      idata   0x0000d7       data   0x000000
    .udata_subFunctions.o      udata   0x0000d7       data   0x000000
        .idata_openxlcd.o      idata   0x0000d7       data   0x000000
            .udata_main.o      udata   0x000100       data   0x00003c
                   .stack      udata   0x000500       data   0x000100
            SFR_UNBANKED0      udata   0x000f80       data   0x000080



                              Program Memory Usage 
                               Start         End      
                           ---------   ---------      
                            0x000000    0x002fc0      
                            0x002fc2    0x003934      
                            0x003936    0x00399d      
                            0x300001    0x300001      
                            0x300003    0x300003      
                            0x300005    0x300006      
            14752 out of 33048 program addresses used, program memory utilization is 44%



                              Symbols - Sorted by Name
                     Name    Address   Location    Storage File                     
                ---------  ---------  ---------  --------- ---------                
                 BusyXLCD   0x003818    program     extern E:\healthSystem.X\cus_xlcd\busyxlcd.c
                 CloseADC   0x003948    program     extern E:\3.46\pic18-lt\cxx-framework\src\pmc_common\ADC\adcclose.c
            CloseCapture1   0x003942    program     extern E:\3.46\pic18-lt\cxx-framework\src\pmc_common\CCP\cp1close.c
              CloseTimer0   0x00393c    program     extern E:\3.46\pic18-lt\cxx-framework\src\pmc_common\Timers\t0close.c
              CloseTimer1   0x003936    program     extern E:\3.46\pic18-lt\cxx-framework\src\pmc_common\Timers\t1close.c
               ConvertADC   0x00394e    program     extern E:\3.46\pic18-lt\cxx-framework\src\pmc_common\ADC\adcconv.c
                   D100_1   0x0038ee    program     static E:\3.46\pic18-lt\cxx-framework\src\traditional\delays\d100tcyx.asm
                    D100x   0x0038ec    program     static E:\3.46\pic18-lt\cxx-framework\src\traditional\delays\d100tcyx.asm
                   D10K_1   0x0037ca    program     static E:\3.46\pic18-lt\cxx-framework\src\traditional\delays\d10ktcyx.asm
                    D10Kl   0x0037d6    program     static E:\3.46\pic18-lt\cxx-framework\src\traditional\delays\d10ktcyx.asm
                    D10Kx   0x0037c8    program     static E:\3.46\pic18-lt\cxx-framework\src\traditional\delays\d10ktcyx.asm
                    D10_1   0x00390c    program     static E:\3.46\pic18-lt\cxx-framework\src\traditional\delays\d10tcyx.asm
                     D10x   0x003904    program     static E:\3.46\pic18-lt\cxx-framework\src\traditional\delays\d10tcyx.asm
                   D1616S   0x0020f0    program     static E:\3.46\pic18-lt\cxx-framework\src\traditional\math\fxd1616s.asm
                D1616SNEG   0x0020fe    program     static E:\3.46\pic18-lt\cxx-framework\src\traditional\math\fxd1616s.asm
                 D1616SOK   0x0020fa    program     static E:\3.46\pic18-lt\cxx-framework\src\traditional\math\fxd1616s.asm
                  D1616SX   0x002110    program     static E:\3.46\pic18-lt\cxx-framework\src\traditional\math\fxd1616s.asm
                    D1K_1   0x003874    program     static E:\3.46\pic18-lt\cxx-framework\src\traditional\delays\d1ktcyx.asm
                     D1Kx   0x003872    program     static E:\3.46\pic18-lt\cxx-framework\src\traditional\delays\d1ktcyx.asm
                  DA1616S   0x0020e0    program     static E:\3.46\pic18-lt\cxx-framework\src\traditional\math\fxd1616s.asm
             Delay100TCYx   0x0038e0    program     extern E:\3.46\pic18-lt\cxx-framework\src\traditional\delays\d100tcyx.asm
             Delay10KTCYx   0x0037be    program     extern E:\3.46\pic18-lt\cxx-framework\src\traditional\delays\d10ktcyx.asm
              Delay10TCYx   0x0038fc    program     extern E:\3.46\pic18-lt\cxx-framework\src\traditional\delays\d10tcyx.asm
              Delay1KTCYx   0x003868    program     extern E:\3.46\pic18-lt\cxx-framework\src\traditional\delays\d1ktcyx.asm
            DelayFor18TCY   0x00000e    program     extern E:\healthSystem.X\app\main.c
             DelayPORXLCD   0x00001a    program     extern E:\healthSystem.X\app\main.c
                DelayXLCD   0x000020    program     extern E:\healthSystem.X\app\main.c
                 FLO1632S   0x001dfa    program     extern E:\3.46\pic18-lt\cxx-framework\src\traditional\math\cast16FP.asm
                 FLO1632U   0x001df6    program     extern E:\3.46\pic18-lt\cxx-framework\src\traditional\math\cast16FP.asm
                    FPA32   0x001e22    program     extern E:\3.46\pic18-lt\cxx-framework\src\traditional\math\addFP.asm
                    FPD32   0x001f4e    program     extern E:\3.46\pic18-lt\cxx-framework\src\traditional\math\divFP.asm
                    FPM32   0x001ff4    program     extern E:\3.46\pic18-lt\cxx-framework\src\traditional\math\mulFP.asm
                    FPS32   0x001e20    program     extern E:\3.46\pic18-lt\cxx-framework\src\traditional\math\addFP.asm
                 FXD1616S   0x0020ce    program     extern E:\3.46\pic18-lt\cxx-framework\src\traditional\math\fxd1616s.asm
                 FXD1616U   0x0037ec    program     extern E:\3.46\pic18-lt\cxx-framework\src\traditional\math\fxd1616u.c
                 FXD3232U   0x0034ec    program     extern E:\3.46\pic18-lt\cxx-framework\src\traditional\math\fxd3232u.c
                 FXM1616S   0x00211a    program     extern E:\3.46\pic18-lt\cxx-framework\src\traditional\math\fxm1616s.asm
                 FXM2424U   0x002174    program     extern E:\3.46\pic18-lt\cxx-framework\src\traditional\math\fxm2424u.asm
                  FXM3232   0x00333a    program     extern E:\3.46\pic18-lt\cxx-framework\src\traditional\math\fxm3232.c
                  INT3216   0x002206    program     extern E:\3.46\pic18-lt\cxx-framework\src\traditional\math\castFP16.asm
                  OpenADC   0x003534    program     extern E:\3.46\pic18-lt\cxx-framework\src\pmc_common\ADC\adcopen.c
                 OpenPWM2   0x0032c4    program     extern E:\3.46\pic18-lt\cxx-framework\src\pmc_common\PWM\pw2open.c
               OpenTimer0   0x003750    program     extern E:\3.46\pic18-lt\cxx-framework\src\pmc_common\Timers\t0open.c
               OpenTimer2   0x003788    program     extern E:\3.46\pic18-lt\cxx-framework\src\pmc_common\Timers\t2open.c
                 OpenXLCD   0x0031a6    program     extern E:\healthSystem.X\cus_xlcd\openxlcd.c
                  ReadADC   0x003912    program     extern E:\3.46\pic18-lt\cxx-framework\src\pmc_common\ADC\adcread.c
             ReadAddrXLCD   0x003692    program     extern E:\healthSystem.X\cus_xlcd\readaddr.c
             ReadCapture1   0x003608    program     extern E:\3.46\pic18-lt\cxx-framework\src\pmc_common\CCP\cp1read.c
             ReadDataXLCD   0x00364e    program     extern E:\healthSystem.X\cus_xlcd\readdata.c
             SetCGRamAddr   0x0034a4    program     extern E:\healthSystem.X\cus_xlcd\setcgram.c
                SetDCPWM2   0x0033aa    program     extern E:\3.46\pic18-lt\cxx-framework\src\pmc_common\PWM\pw2setdc.c
             SetDDRamAddr   0x00345c    program     extern E:\healthSystem.X\cus_xlcd\setddram.c
                  TAGTB32   0x002264    program     extern E:\3.46\pic18-lt\cxx-framework\src\traditional\math\gtFP.asm
               TSIGN1616A   0x002166    program     static E:\3.46\pic18-lt\cxx-framework\src\traditional\math\fxm1616s.asm
             WriteCmdXLCD   0x0035c2    program     extern E:\healthSystem.X\cus_xlcd\wcmdxlcd.c
            WriteDataXLCD   0x00357c    program     extern E:\healthSystem.X\cus_xlcd\writdata.c
              WriteTimer0   0x003718    program     extern E:\3.46\pic18-lt\cxx-framework\src\pmc_common\Timers\t0write.c
              _2jContinue   0x00312c    program     static E:\3.46\pic18-lt\cxx-framework\src\traditional\stdclib\memset.asm
                   _2jEnd   0x003190    program     static E:\3.46\pic18-lt\cxx-framework\src\traditional\stdclib\slenpgm.asm
                   _3jEnd   0x003136    program     static E:\3.46\pic18-lt\cxx-framework\src\traditional\stdclib\memset.asm
       _D100TCYXCODE_0008   0x0038e8    program     static E:\3.46\pic18-lt\cxx-framework\src\traditional\delays\d100tcyx.asm
       _D100TCYXCODE_0012   0x0038f2    program     static E:\3.46\pic18-lt\cxx-framework\src\traditional\delays\d100tcyx.asm
       _D100TCYXCODE_0018   0x0038f8    program     static E:\3.46\pic18-lt\cxx-framework\src\traditional\delays\d100tcyx.asm
       _D10KTCYXCODE_0010   0x0037ce    program     static E:\3.46\pic18-lt\cxx-framework\src\traditional\delays\d10ktcyx.asm
       _D10KTCYXCODE_001C   0x0037da    program     static E:\3.46\pic18-lt\cxx-framework\src\traditional\delays\d10ktcyx.asm
        _D10TCYXCODE_000A   0x003906    program     static E:\3.46\pic18-lt\cxx-framework\src\traditional\delays\d10tcyx.asm
        _D10TCYXCODE_000C   0x003908    program     static E:\3.46\pic18-lt\cxx-framework\src\traditional\delays\d10tcyx.asm
        _D10TCYXCODE_000E   0x00390a    program     static E:\3.46\pic18-lt\cxx-framework\src\traditional\delays\d10tcyx.asm
        _D1KTCYXCODE_0010   0x003878    program     static E:\3.46\pic18-lt\cxx-framework\src\traditional\delays\d1ktcyx.asm
        _D1KTCYXCODE_0016   0x00387e    program     static E:\3.46\pic18-lt\cxx-framework\src\traditional\delays\d1ktcyx.asm
                _PackMath   0x002da8    program     extern E:\3.46\pic18-lt\cxx-framework\src\traditional\stdclib\PackMath.c
                _UnpkMath   0x002c8c    program     extern E:\3.46\pic18-lt\cxx-framework\src\traditional\stdclib\UnpkMath.c
              __FpCompare   0x002276    program     extern E:\3.46\pic18-lt\cxx-framework\src\traditional\math\compFP.asm
                 __FpExit   0x00232c    program     extern E:\3.46\pic18-lt\cxx-framework\src\traditional\math\packFP.asm
                 __FpPack   0x002358    program     extern E:\3.46\pic18-lt\cxx-framework\src\traditional\math\packFP.asm
            __FpReturnNaN   0x002320    program     extern E:\3.46\pic18-lt\cxx-framework\src\traditional\math\packFP.asm
         __FpReturnNegInf   0x002332    program     extern E:\3.46\pic18-lt\cxx-framework\src\traditional\math\packFP.asm
        __FpReturnNegZero   0x00234a    program     extern E:\3.46\pic18-lt\cxx-framework\src\traditional\math\packFP.asm
         __FpReturnPosInf   0x002338    program     extern E:\3.46\pic18-lt\cxx-framework\src\traditional\math\packFP.asm
        __FpReturnPosZero   0x002352    program     extern E:\3.46\pic18-lt\cxx-framework\src\traditional\math\packFP.asm
        __FpReturnSignInf   0x00232e    program     extern E:\3.46\pic18-lt\cxx-framework\src\traditional\math\packFP.asm
       __FpReturnSignZero   0x002346    program     extern E:\3.46\pic18-lt\cxx-framework\src\traditional\math\packFP.asm
              __FpReturnW   0x0023b0    program     extern E:\3.46\pic18-lt\cxx-framework\src\traditional\math\packFP.asm
              __FpUnPackA   0x0023d0    program     extern E:\3.46\pic18-lt\cxx-framework\src\traditional\math\UnpackFP.asm
              __FpUnPackB   0x002400    program     extern E:\3.46\pic18-lt\cxx-framework\src\traditional\math\UnpackFP.asm
      ___case_65_lbl00117   0x0006c6    program     static                          
      ___case_66_lbl00118   0x0006d0    program     static                          
      ___case_67_lbl00119   0x0006da    program     static                          
         ___else_lbl00002   0x003300    program     static                          
         ___else_lbl00004   0x00330e    program     static                          
         ___else_lbl00121   0x0006e6    program     static                          
          ___for_lbl00006   0x0016de    program     static                          
          ___for_lbl00007   0x0016e4    program     static                          
          ___for_lbl00008   0x001682    program     static                          
           ___if_lbl00001   0x003304    program     static                          
           ___if_lbl00003   0x003310    program     static                          
           ___if_lbl00027   0x001b6a    program     static                          
           ___if_lbl00028   0x001b6a    program     static                          
           ___if_lbl00030   0x001d06    program     static                          
           ___if_lbl00031   0x001d06    program     static                          
           ___if_lbl00120   0x000758    program     static                          
       ___return_lbl00000   0x003532    program     static                          
       ___return_lbl00000   0x0033a8    program     static                          
       ___return_lbl00000   0x003322    program     static                          
       ___return_lbl00000   0x000004    program     static                          
       ___return_lbl00000   0x003816    program     static                          
       ___return_lbl00001   0x0038c2    program     static                          
       ___return_lbl00002   0x00310a    program     static                          
       ___return_lbl00005   0x0016e8    program     static                          
       ___return_lbl00025   0x001d06    program     static                          
       ___return_lbl00038   0x00000c    program     static                          
       ___return_lbl00113   0x00075c    program     static                          
   ___switchexit_lbl00116   0x0006e4    program     static                          
        ___while_lbl00114   0x0006aa    program     static                          
        ___while_lbl00115   0x00075a    program     static                          
               __config_0   0x300001    program     static E:\healthSystem.X\app\main.c
               __config_1   0x300003    program     static E:\healthSystem.X\app\main.c
               __config_2   0x300005    program     static E:\healthSystem.X\app\main.c
               __config_3   0x300006    program     static E:\healthSystem.X\app\main.c
                   __init   0x003952    program     extern E:\3.46\pic18-lt\cxx-framework\src\traditional\stdclib\__init.c
                   __pa_0   0x002e70    program     static E:\3.46\pic18-lt\cxx-framework\src\traditional\stdclib\PackMath.c
                   __pa_0   0x0012ee    program     static E:\3.46\pic18-lt\cxx-framework\src\traditional\stdclib\vfprintf.c
                   __pa_0   0x002ace    program     static E:\healthSystem.X\subFunctions.c
                   __pa_0   0x002c70    program     static E:\3.46\pic18-lt\cxx-framework\src\traditional\stdclib\frexp.c
                   __pa_0   0x0035b4    program     static E:\healthSystem.X\cus_xlcd\writdata.c
                   __pa_0   0x0034de    program     static E:\healthSystem.X\cus_xlcd\setcgram.c
                   __pa_0   0x003496    program     static E:\healthSystem.X\cus_xlcd\setddram.c
                   __pa_0   0x002d9a    program     static E:\3.46\pic18-lt\cxx-framework\src\traditional\stdclib\UnpkMath.c
                   __pa_0   0x003708    program     static E:\healthSystem.X\cus_xlcd\putsxlcd.c
                   __pa_0   0x003444    program     static E:\healthSystem.X\cus_xlcd\putrxlcd.c
                   __pa_0   0x0035fa    program     static E:\healthSystem.X\cus_xlcd\wcmdxlcd.c
                   __pa_0   0x003832    program     static E:\healthSystem.X\cus_xlcd\busyxlcd.c
                   __pa_0   0x00322e    program     static E:\healthSystem.X\cus_xlcd\openxlcd.c
                   __pa_0   0x001dae    program     static E:\healthSystem.X\app\main.c
                   __pa_0   0x0027f2    program     static E:\3.46\pic18-lt\cxx-framework\src\traditional\stdclib\log.c
                   __pa_1   0x0012f6    program     static E:\3.46\pic18-lt\cxx-framework\src\traditional\stdclib\vfprintf.c
                   __pa_1   0x002c7e    program     static E:\3.46\pic18-lt\cxx-framework\src\traditional\stdclib\frexp.c
                   __pa_1   0x002ae6    program     static E:\healthSystem.X\subFunctions.c
                   __pa_1   0x001dc8    program     static E:\healthSystem.X\ow.h   
                   __pa_1   0x003238    program     static E:\healthSystem.X\cus_xlcd\openxlcd.c
                   __pa_1   0x0027fe    program     static E:\3.46\pic18-lt\cxx-framework\src\traditional\stdclib\log.c
                   __pa_1   0x002e80    program     static E:\3.46\pic18-lt\cxx-framework\src\traditional\stdclib\PackMath.c
                  __pa_10   0x002b62    program     static E:\healthSystem.X\subFunctions.c
                  __pa_10   0x0028b4    program     static E:\3.46\pic18-lt\cxx-framework\src\traditional\stdclib\log.c
                  __pa_10   0x0013aa    program     static E:\3.46\pic18-lt\cxx-framework\src\traditional\stdclib\vfprintf.c
                  __pa_10   0x0007dc    program     static E:\healthSystem.X\app\main.c
                  __pa_11   0x0013b8    program     static E:\3.46\pic18-lt\cxx-framework\src\traditional\stdclib\vfprintf.c
                  __pa_11   0x0028bc    program     static E:\3.46\pic18-lt\cxx-framework\src\traditional\stdclib\log.c
                  __pa_11   0x0007fc    program     static E:\healthSystem.X\app\main.c
                  __pa_12   0x0028ce    program     static E:\3.46\pic18-lt\cxx-framework\src\traditional\stdclib\log.c
                  __pa_12   0x0013ce    program     static E:\3.46\pic18-lt\cxx-framework\src\traditional\stdclib\vfprintf.c
                  __pa_12   0x00080e    program     static E:\healthSystem.X\app\main.c
                  __pa_13   0x0013e8    program     static E:\3.46\pic18-lt\cxx-framework\src\traditional\stdclib\vfprintf.c
                  __pa_13   0x0028e8    program     static E:\3.46\pic18-lt\cxx-framework\src\traditional\stdclib\log.c
                  __pa_13   0x00082c    program     static E:\healthSystem.X\app\main.c
                  __pa_14   0x001400    program     static E:\3.46\pic18-lt\cxx-framework\src\traditional\stdclib\vfprintf.c
                  __pa_14   0x0028fa    program     static E:\3.46\pic18-lt\cxx-framework\src\traditional\stdclib\log.c
                  __pa_14   0x00084e    program     static E:\healthSystem.X\app\main.c
                  __pa_15   0x000860    program     static E:\healthSystem.X\app\main.c
                  __pa_15   0x00290c    program     static E:\3.46\pic18-lt\cxx-framework\src\traditional\stdclib\log.c
                  __pa_15   0x001410    program     static E:\3.46\pic18-lt\cxx-framework\src\traditional\stdclib\vfprintf.c
                  __pa_16   0x001426    program     static E:\3.46\pic18-lt\cxx-framework\src\traditional\stdclib\vfprintf.c
                  __pa_16   0x002918    program     static E:\3.46\pic18-lt\cxx-framework\src\traditional\stdclib\log.c
                  __pa_16   0x00087c    program     static E:\healthSystem.X\app\main.c
                  __pa_17   0x001438    program     static E:\3.46\pic18-lt\cxx-framework\src\traditional\stdclib\vfprintf.c
                  __pa_17   0x000884    program     static E:\healthSystem.X\app\main.c
                  __pa_18   0x00144a    program     static E:\3.46\pic18-lt\cxx-framework\src\traditional\stdclib\vfprintf.c
                  __pa_18   0x000892    program     static E:\healthSystem.X\app\main.c
                  __pa_19   0x001454    program     static E:\3.46\pic18-lt\cxx-framework\src\traditional\stdclib\vfprintf.c
                  __pa_19   0x00089e    program     static E:\healthSystem.X\app\main.c
                   __pa_2   0x001dd2    program     static E:\healthSystem.X\app\main.c
                   __pa_2   0x002e8e    program     static E:\3.46\pic18-lt\cxx-framework\src\traditional\stdclib\PackMath.c
                   __pa_2   0x002810    program     static E:\3.46\pic18-lt\cxx-framework\src\traditional\stdclib\log.c
                   __pa_2   0x001300    program     static E:\3.46\pic18-lt\cxx-framework\src\traditional\stdclib\vfprintf.c
                   __pa_2   0x002afc    program     static E:\healthSystem.X\subFunctions.c
                  __pa_20   0x0008b8    program     static E:\healthSystem.X\app\main.c
                  __pa_20   0x001464    program     static E:\3.46\pic18-lt\cxx-framework\src\traditional\stdclib\vfprintf.c
                  __pa_21   0x001474    program     static E:\3.46\pic18-lt\cxx-framework\src\traditional\stdclib\vfprintf.c
                  __pa_21   0x0008c8    program     static E:\healthSystem.X\app\main.c
                  __pa_22   0x001484    program     static E:\3.46\pic18-lt\cxx-framework\src\traditional\stdclib\vfprintf.c
                  __pa_22   0x0008d2    program     static E:\healthSystem.X\app\main.c
                  __pa_23   0x001490    program     static E:\3.46\pic18-lt\cxx-framework\src\traditional\stdclib\vfprintf.c
                  __pa_23   0x0008de    program     static E:\healthSystem.X\app\main.c
                  __pa_24   0x00149e    program     static E:\3.46\pic18-lt\cxx-framework\src\traditional\stdclib\vfprintf.c
                  __pa_24   0x0008f2    program     static E:\healthSystem.X\app\main.c
                  __pa_25   0x0014a6    program     static E:\3.46\pic18-lt\cxx-framework\src\traditional\stdclib\vfprintf.c
                  __pa_25   0x0008fc    program     static E:\healthSystem.X\app\main.c
                  __pa_26   0x00090c    program     static E:\healthSystem.X\app\main.c
                  __pa_26   0x0014b0    program     static E:\3.46\pic18-lt\cxx-framework\src\traditional\stdclib\vfprintf.c
                  __pa_27   0x00091c    program     static E:\healthSystem.X\app\main.c
                  __pa_27   0x0014ba    program     static E:\3.46\pic18-lt\cxx-framework\src\traditional\stdclib\vfprintf.c
                  __pa_28   0x000926    program     static E:\healthSystem.X\app\main.c
                  __pa_28   0x0014c2    program     static E:\3.46\pic18-lt\cxx-framework\src\traditional\stdclib\vfprintf.c
                  __pa_29   0x0014d0    program     static E:\3.46\pic18-lt\cxx-framework\src\traditional\stdclib\vfprintf.c
                  __pa_29   0x000934    program     static E:\healthSystem.X\app\main.c
                   __pa_3   0x002b04    program     static E:\healthSystem.X\subFunctions.c
                   __pa_3   0x001de4    program     static E:\healthSystem.X\app\main.c
                   __pa_3   0x00130a    program     static E:\3.46\pic18-lt\cxx-framework\src\traditional\stdclib\vfprintf.c
                   __pa_3   0x00282c    program     static E:\3.46\pic18-lt\cxx-framework\src\traditional\stdclib\log.c
                   __pa_3   0x002e98    program     static E:\3.46\pic18-lt\cxx-framework\src\traditional\stdclib\PackMath.c
                  __pa_30   0x00093e    program     static E:\healthSystem.X\app\main.c
                  __pa_30   0x0014ec    program     static E:\3.46\pic18-lt\cxx-framework\src\traditional\stdclib\vfprintf.c
                  __pa_31   0x001506    program     static E:\3.46\pic18-lt\cxx-framework\src\traditional\stdclib\vfprintf.c
                  __pa_31   0x000952    program     static E:\healthSystem.X\app\main.c
                  __pa_32   0x001520    program     static E:\3.46\pic18-lt\cxx-framework\src\traditional\stdclib\vfprintf.c
                  __pa_32   0x000962    program     static E:\healthSystem.X\app\main.c
                  __pa_33   0x001538    program     static E:\3.46\pic18-lt\cxx-framework\src\traditional\stdclib\vfprintf.c
                  __pa_33   0x000970    program     static E:\healthSystem.X\app\main.c
                  __pa_34   0x001542    program     static E:\3.46\pic18-lt\cxx-framework\src\traditional\stdclib\vfprintf.c
                  __pa_34   0x00097a    program     static E:\healthSystem.X\app\main.c
                  __pa_35   0x001550    program     static E:\3.46\pic18-lt\cxx-framework\src\traditional\stdclib\vfprintf.c
                  __pa_35   0x000988    program     static E:\healthSystem.X\app\main.c
                  __pa_36   0x001558    program     static E:\3.46\pic18-lt\cxx-framework\src\traditional\stdclib\vfprintf.c
                  __pa_36   0x000990    program     static E:\healthSystem.X\app\main.c
                  __pa_37   0x00099a    program     static E:\healthSystem.X\app\main.c
                  __pa_37   0x001562    program     static E:\3.46\pic18-lt\cxx-framework\src\traditional\stdclib\vfprintf.c
                  __pa_38   0x001572    program     static E:\3.46\pic18-lt\cxx-framework\src\traditional\stdclib\vfprintf.c
                  __pa_39   0x001580    program     static E:\3.46\pic18-lt\cxx-framework\src\traditional\stdclib\vfprintf.c
                   __pa_4   0x002832    program     static E:\3.46\pic18-lt\cxx-framework\src\traditional\stdclib\log.c
                   __pa_4   0x002ea6    program     static E:\3.46\pic18-lt\cxx-framework\src\traditional\stdclib\PackMath.c
                   __pa_4   0x002b10    program     static E:\healthSystem.X\subFunctions.c
                   __pa_4   0x001dee    program     static E:\healthSystem.X\app\main.c
                   __pa_4   0x001322    program     static E:\3.46\pic18-lt\cxx-framework\src\traditional\stdclib\vfprintf.c
                  __pa_40   0x00158c    program     static E:\3.46\pic18-lt\cxx-framework\src\traditional\stdclib\vfprintf.c
                  __pa_41   0x001598    program     static E:\3.46\pic18-lt\cxx-framework\src\traditional\stdclib\vfprintf.c
                  __pa_42   0x0015a0    program     static E:\3.46\pic18-lt\cxx-framework\src\traditional\stdclib\vfprintf.c
                  __pa_43   0x0015aa    program     static E:\3.46\pic18-lt\cxx-framework\src\traditional\stdclib\vfprintf.c
                  __pa_44   0x0015b0    program     static E:\3.46\pic18-lt\cxx-framework\src\traditional\stdclib\vfprintf.c
                  __pa_45   0x0015ba    program     static E:\3.46\pic18-lt\cxx-framework\src\traditional\stdclib\vfprintf.c
                  __pa_46   0x0015c6    program     static E:\3.46\pic18-lt\cxx-framework\src\traditional\stdclib\vfprintf.c
                   __pa_5   0x002b22    program     static E:\healthSystem.X\subFunctions.c
                   __pa_5   0x001336    program     static E:\3.46\pic18-lt\cxx-framework\src\traditional\stdclib\vfprintf.c
                   __pa_5   0x000770    program     static E:\healthSystem.X\app\main.c
                   __pa_5   0x00283c    program     static E:\3.46\pic18-lt\cxx-framework\src\traditional\stdclib\log.c
                   __pa_5   0x002eae    program     static E:\3.46\pic18-lt\cxx-framework\src\traditional\stdclib\PackMath.c
                   __pa_6   0x000788    program     static E:\healthSystem.X\app\main.c
                   __pa_6   0x00285a    program     static E:\3.46\pic18-lt\cxx-framework\src\traditional\stdclib\log.c
                   __pa_6   0x002eb6    program     static E:\3.46\pic18-lt\cxx-framework\src\traditional\stdclib\PackMath.c
                   __pa_6   0x001352    program     static E:\3.46\pic18-lt\cxx-framework\src\traditional\stdclib\vfprintf.c
                   __pa_6   0x002b2c    program     static E:\healthSystem.X\subFunctions.c
                   __pa_7   0x00079e    program     static E:\healthSystem.X\app\main.c
                   __pa_7   0x002b36    program     static E:\healthSystem.X\subFunctions.c
                   __pa_7   0x00135c    program     static E:\3.46\pic18-lt\cxx-framework\src\traditional\stdclib\vfprintf.c
                   __pa_7   0x002874    program     static E:\3.46\pic18-lt\cxx-framework\src\traditional\stdclib\log.c
                   __pa_8   0x0007a2    program     static E:\healthSystem.X\app\main.c
                   __pa_8   0x002b40    program     static E:\healthSystem.X\subFunctions.c
                   __pa_8   0x00288e    program     static E:\3.46\pic18-lt\cxx-framework\src\traditional\stdclib\log.c
                   __pa_8   0x001368    program     static E:\3.46\pic18-lt\cxx-framework\src\traditional\stdclib\vfprintf.c
                   __pa_9   0x0007b2    program     static E:\healthSystem.X\app\main.c
                   __pa_9   0x0028a4    program     static E:\3.46\pic18-lt\cxx-framework\src\traditional\stdclib\log.c
                   __pa_9   0x00138a    program     static E:\3.46\pic18-lt\cxx-framework\src\traditional\stdclib\vfprintf.c
                   __pa_9   0x002b52    program     static E:\healthSystem.X\subFunctions.c
               __string_0   0x002fb3    program     static E:\healthSystem.X\subFunctions.c
               __string_0   0x002fa4    program     static E:\healthSystem.X\app\main.c
               __string_1   0x002f94    program     static E:\healthSystem.X\app\main.c
              __string_10   0x002f27    program     static E:\healthSystem.X\app\main.c
              __string_11   0x002f18    program     static E:\healthSystem.X\app\main.c
              __string_12   0x002f08    program     static E:\healthSystem.X\app\main.c
              __string_13   0x002ef5    program     static E:\healthSystem.X\app\main.c
              __string_14   0x002ee4    program     static E:\healthSystem.X\app\main.c
              __string_15   0x002ed3    program     static E:\healthSystem.X\app\main.c
              __string_16   0x002ec2    program     static E:\healthSystem.X\app\main.c
               __string_2   0x002f82    program     static E:\healthSystem.X\app\main.c
               __string_3   0x002f77    program     static E:\healthSystem.X\app\main.c
               __string_4   0x002f6e    program     static E:\healthSystem.X\app\main.c
               __string_5   0x002f5c    program     static E:\healthSystem.X\app\main.c
               __string_6   0x002f48    program     static E:\healthSystem.X\app\main.c
               __string_7   0x002f3f    program     static E:\healthSystem.X\app\main.c
               __string_8   0x002f37    program     static E:\healthSystem.X\app\main.c
               __string_9   0x002f2f    program     static E:\healthSystem.X\app\main.c
              __tmplbl_19   0x001696    program     static                          
              __tmplbl_22   0x001cac    program     static                          
               __tmplbl_4   0x00192e    program     static                          
              __tmplbl_42   0x001484    program     static                          
              __tmplbl_43   0x0012cc    program     static                          
              __tmplbl_44   0x0012b2    program     static                          
               __tmplbl_5   0x001924    program     static                          
               __tmplbl_6   0x001b7e    program     static                          
               __tmplbl_7   0x001b74    program     static                          
              __tmplbl_85   0x000a04    program     static                          
            __zero_memory   0x003888    program     extern E:\3.46\pic18-lt\cxx-framework\src\traditional\proc\p18f452.asm
                _do_cinit   0x00306e    program     extern E:\3.46\pic18-lt\cxx-framework\src\traditional\startup\c018i.c
                   _entry   0x000000    program     extern E:\3.46\pic18-lt\cxx-framework\src\traditional\startup\c018i.c
                   _false   0x00352e    program     static                          
                 _startup   0x0038a8    program     extern E:\3.46\pic18-lt\cxx-framework\src\traditional\startup\c018i.c
              _usart_putc   0x0038c4    program     extern E:\3.46\pic18-lt\cxx-framework\src\pmc_common\USART\_usartpc.asm
               _user_putc   0x000006    program     extern E:\3.46\pic18-lt\cxx-framework\src\traditional\stdclib\_user_putc.c
                 acqFract   0x0002be    program     extern E:\healthSystem.X\app\main.c
                   acqInt   0x00026e    program     extern E:\healthSystem.X\app\main.c
              adc_handler   0x001918    program     extern E:\healthSystem.X\app\main.c
             brownOutTest   0x0005f6    program     extern E:\healthSystem.X\app\main.c
           captureHandler   0x00175e    program     extern E:\healthSystem.X\app\main.c
                compare_l   0x00389e    program     static E:\3.46\pic18-lt\cxx-framework\src\traditional\proc\p18f452.asm
                copy_loop   0x0030e0    program     static                          
            copy_one_byte   0x0030e6    program     static                          
          displayBpmValue   0x000166    program     extern E:\healthSystem.X\app\main.c
          displayHrvValue   0x000184    program     extern E:\healthSystem.X\app\main.c
                     done   0x00310a    program     static                          
             done_copying   0x0030f4    program     static                          
                  dspTemp   0x000320    program     extern E:\healthSystem.X\app\main.c
                  endloop   0x003812    program     static                          
            externHandler   0x00173e    program     extern E:\healthSystem.X\app\main.c
                    frexp   0x002b68    program     extern E:\3.46\pic18-lt\cxx-framework\src\traditional\stdclib\frexp.c
              getBpmValue   0x000110    program     extern E:\healthSystem.X\app\main.c
              getHrvValue   0x00013a    program     extern E:\healthSystem.X\app\main.c
              getKeyPress   0x000026    program     extern E:\healthSystem.X\app\main.c
               getTempVal   0x000356    program     extern E:\healthSystem.X\app\main.c
              heathSystem   0x0004d0    program     extern E:\healthSystem.X\app\main.c
                  highISR   0x001d08    program     extern E:\healthSystem.X\app\main.c
           initInterrupts   0x002a7c    program     extern E:\healthSystem.X\subFunctions.c
                  initLCD   0x002926    program     extern E:\healthSystem.X\subFunctions.c
                initPorts   0x002a4a    program     extern E:\healthSystem.X\subFunctions.c
               initTimers   0x002a62    program     extern E:\healthSystem.X\subFunctions.c
 interrupt_at_high_vector   0x000008    program     extern E:\healthSystem.X\app\main.c
              intervalSys   0x000530    program     extern E:\healthSystem.X\app\main.c
                 intitADC   0x002abc    program     extern E:\healthSystem.X\subFunctions.c
                 intitPWM   0x002aa0    program     extern E:\healthSystem.X\subFunctions.c
                  isdigit   0x003844    program     extern E:\3.46\pic18-lt\cxx-framework\src\traditional\stdclib\isdigit.asm
                 jANotInf   0x002012    program     static E:\3.46\pic18-lt\cxx-framework\src\traditional\math\mulFP.asm
                 jANotInf   0x001f6c    program     static E:\3.46\pic18-lt\cxx-framework\src\traditional\math\divFP.asm
                 jANotInf   0x001e4a    program     static E:\3.46\pic18-lt\cxx-framework\src\traditional\math\addFP.asm
                 jANotNeg   0x001ede    program     static E:\3.46\pic18-lt\cxx-framework\src\traditional\math\addFP.asm
                jANotZero   0x001f80    program     static E:\3.46\pic18-lt\cxx-framework\src\traditional\math\divFP.asm
              jAandWsetup   0x001eae    program     static E:\3.46\pic18-lt\cxx-framework\src\traditional\math\addFP.asm
                  jAisNeg   0x0022f2    program     static E:\3.46\pic18-lt\cxx-framework\src\traditional\math\compFP.asm
                 jAltBexp   0x001e9c    program     static E:\3.46\pic18-lt\cxx-framework\src\traditional\math\addFP.asm
                jBANotInf   0x001e40    program     static E:\3.46\pic18-lt\cxx-framework\src\traditional\math\addFP.asm
                 jBNotInf   0x001e58    program     static E:\3.46\pic18-lt\cxx-framework\src\traditional\math\addFP.asm
              jBothFinite   0x002020    program     static E:\3.46\pic18-lt\cxx-framework\src\traditional\math\mulFP.asm
             jBothNotZero   0x00202c    program     static E:\3.46\pic18-lt\cxx-framework\src\traditional\math\mulFP.asm
             jBothNotZero   0x002294    program     static E:\3.46\pic18-lt\cxx-framework\src\traditional\math\compFP.asm
            jDifOrPosSign   0x001e6c    program     static E:\3.46\pic18-lt\cxx-framework\src\traditional\math\addFP.asm
                      jEQ   0x0022b0    program     static E:\3.46\pic18-lt\cxx-framework\src\traditional\math\compFP.asm
                     jEnd   0x003192    program     static E:\3.46\pic18-lt\cxx-framework\src\traditional\stdclib\slenpgm.asm
                     jEnd   0x00315a    program     static E:\3.46\pic18-lt\cxx-framework\src\traditional\stdclib\strlen.asm
                     jEnd   0x00313e    program     static E:\3.46\pic18-lt\cxx-framework\src\traditional\stdclib\memset.asm
                    jExch   0x0022bc    program     static E:\3.46\pic18-lt\cxx-framework\src\traditional\math\compFP.asm
                    jExit   0x002262    program     static E:\3.46\pic18-lt\cxx-framework\src\traditional\math\castFP16.asm
                   jExpEQ   0x002302    program     static E:\3.46\pic18-lt\cxx-framework\src\traditional\math\compFP.asm
                   jFinal   0x0022e6    program     static E:\3.46\pic18-lt\cxx-framework\src\traditional\math\compFP.asm
               jFinalSign   0x001f46    program     static E:\3.46\pic18-lt\cxx-framework\src\traditional\math\addFP.asm
                jHaveZero   0x002028    program     static E:\3.46\pic18-lt\cxx-framework\src\traditional\math\mulFP.asm
                jI2F16Beg   0x001e0a    program     static E:\3.46\pic18-lt\cxx-framework\src\traditional\math\cast16FP.asm
                    jLoop   0x001fa8    program     static E:\3.46\pic18-lt\cxx-framework\src\traditional\math\divFP.asm
                    jLoop   0x002242    program     static E:\3.46\pic18-lt\cxx-framework\src\traditional\math\castFP16.asm
                    jLoop   0x003150    program     static E:\3.46\pic18-lt\cxx-framework\src\traditional\stdclib\strlen.asm
                    jLoop   0x003120    program     static E:\3.46\pic18-lt\cxx-framework\src\traditional\stdclib\memset.asm
                    jLoop   0x00317a    program     static E:\3.46\pic18-lt\cxx-framework\src\traditional\stdclib\slenpgm.asm
                jLoopExit   0x002252    program     static E:\3.46\pic18-lt\cxx-framework\src\traditional\math\castFP16.asm
                   jMatch   0x003864    program     static E:\3.46\pic18-lt\cxx-framework\src\traditional\stdclib\isdigit.asm
                     jMax   0x002216    program     static E:\3.46\pic18-lt\cxx-framework\src\traditional\math\castFP16.asm
                  jMaxNeg   0x002224    program     static E:\3.46\pic18-lt\cxx-framework\src\traditional\math\castFP16.asm
                  jMaxPos   0x00221a    program     static E:\3.46\pic18-lt\cxx-framework\src\traditional\math\castFP16.asm
                      jNE   0x0022b4    program     static E:\3.46\pic18-lt\cxx-framework\src\traditional\math\compFP.asm
                    jNext   0x001fce    program     static E:\3.46\pic18-lt\cxx-framework\src\traditional\math\divFP.asm
                jNoAdjust   0x001fcc    program     static E:\3.46\pic18-lt\cxx-framework\src\traditional\math\divFP.asm
                  jNoExch   0x0022dc    program     static E:\3.46\pic18-lt\cxx-framework\src\traditional\math\compFP.asm
                 jNoMatch   0x003866    program     static E:\3.46\pic18-lt\cxx-framework\src\traditional\stdclib\isdigit.asm
             jNotBothZero   0x001e70    program     static E:\3.46\pic18-lt\cxx-framework\src\traditional\math\addFP.asm
                  jNotInf   0x002232    program     static E:\3.46\pic18-lt\cxx-framework\src\traditional\math\castFP16.asm
                  jPkLoop   0x002366    program     static E:\3.46\pic18-lt\cxx-framework\src\traditional\math\packFP.asm
             jPkRoundDone   0x0023b0    program     static E:\3.46\pic18-lt\cxx-framework\src\traditional\math\packFP.asm
               jPkRoundIt   0x002398    program     static E:\3.46\pic18-lt\cxx-framework\src\traditional\math\packFP.asm
             jPkShiftDone   0x002382    program     static E:\3.46\pic18-lt\cxx-framework\src\traditional\math\packFP.asm
           jReturnPosInf0   0x00233c    program     static E:\3.46\pic18-lt\cxx-framework\src\traditional\math\packFP.asm
                  jRotate   0x00230e    program     static E:\3.46\pic18-lt\cxx-framework\src\traditional\math\compFP.asm
                   jShift   0x0022f8    program     static E:\3.46\pic18-lt\cxx-framework\src\traditional\math\compFP.asm
               jShiftDone   0x001f06    program     static E:\3.46\pic18-lt\cxx-framework\src\traditional\math\addFP.asm
               jShiftLoop   0x001ef8    program     static E:\3.46\pic18-lt\cxx-framework\src\traditional\math\addFP.asm
                jSignDone   0x001f36    program     static E:\3.46\pic18-lt\cxx-framework\src\traditional\math\addFP.asm
              jSignedZero   0x001f76    program     static E:\3.46\pic18-lt\cxx-framework\src\traditional\math\divFP.asm
                 jSignsEQ   0x002298    program     static E:\3.46\pic18-lt\cxx-framework\src\traditional\math\compFP.asm
                  jUnpkA1   0x0023da    program     static E:\3.46\pic18-lt\cxx-framework\src\traditional\math\UnpackFP.asm
                  jUnpkA2   0x0023f2    program     static E:\3.46\pic18-lt\cxx-framework\src\traditional\math\UnpackFP.asm
                 jUnpkANZ   0x0023e8    program     static E:\3.46\pic18-lt\cxx-framework\src\traditional\math\UnpackFP.asm
                  jUnpkB1   0x00240a    program     static E:\3.46\pic18-lt\cxx-framework\src\traditional\math\UnpackFP.asm
                  jUnpkB2   0x002422    program     static E:\3.46\pic18-lt\cxx-framework\src\traditional\math\UnpackFP.asm
                 jUnpkBNZ   0x002418    program     static E:\3.46\pic18-lt\cxx-framework\src\traditional\math\UnpackFP.asm
                 jUnpkNaN   0x0023fc    program     static E:\3.46\pic18-lt\cxx-framework\src\traditional\math\UnpackFP.asm
                 jWNotNeg   0x001ef2    program     static E:\3.46\pic18-lt\cxx-framework\src\traditional\math\addFP.asm
                    jZero   0x00222c    program     static E:\3.46\pic18-lt\cxx-framework\src\traditional\math\castFP16.asm
               jZero1and2   0x002340    program     static E:\3.46\pic18-lt\cxx-framework\src\traditional\math\packFP.asm
                      log   0x00242c    program     extern E:\3.46\pic18-lt\cxx-framework\src\traditional\stdclib\log.c
                     loop   0x0037f6    program     static                          
                     loop   0x0038b8    program     static                          
                     loop   0x0038d4    program     static E:\3.46\pic18-lt\cxx-framework\src\pmc_common\USART\_usartpc.asm
                     loop   0x0034fa    program     static                          
                   loop_h   0x003896    program     static E:\3.46\pic18-lt\cxx-framework\src\traditional\proc\p18f452.asm
                   loop_l   0x0038a0    program     static E:\3.46\pic18-lt\cxx-framework\src\traditional\proc\p18f452.asm
                     main   0x000670    program     extern E:\healthSystem.X\app\main.c
               mainSystem   0x000446    program     extern E:\healthSystem.X\app\main.c
                   memset   0x00310c    program     extern E:\3.46\pic18-lt\cxx-framework\src\traditional\stdclib\memset.asm
             ow_read_byte   0x001670    program     extern E:\healthSystem.X\ow.h   
                 ow_reset   0x0015d0    program     extern E:\healthSystem.X\ow.h   
            ow_write_byte   0x00161c    program     extern E:\healthSystem.X\ow.h   
                prtStrLCD   0x0029cc    program     extern E:\healthSystem.X\subFunctions.c
             prtStrLitLCD   0x00294e    program     extern E:\healthSystem.X\subFunctions.c
                     putc   0x003240    program     extern E:\3.46\pic18-lt\cxx-framework\src\traditional\stdclib\putc.c
                putrsXLCD   0x003408    program     extern E:\healthSystem.X\cus_xlcd\putrxlcd.c
                 putsXLCD   0x0036d6    program     extern E:\healthSystem.X\cus_xlcd\putsxlcd.c
               readDallas   0x000250    program     extern E:\healthSystem.X\app\main.c
               restValues   0x0001a2    program     extern E:\healthSystem.X\app\main.c
                 s_digits   0x003924    program     static E:\3.46\pic18-lt\cxx-framework\src\traditional\stdclib\vfprintf.c
            s_put_n_chars   0x0009ae    program     static E:\3.46\pic18-lt\cxx-framework\src\traditional\stdclib\vfprintf.c
                  setTone   0x0001fa    program     extern E:\healthSystem.X\app\main.c
                  sprintf   0x002fc2    program     extern E:\3.46\pic18-lt\cxx-framework\src\traditional\stdclib\sprintf.c
                   strlen   0x003140    program     extern E:\3.46\pic18-lt\cxx-framework\src\traditional\stdclib\strlen.asm
                strlenpgm   0x00315c    program     extern E:\3.46\pic18-lt\cxx-framework\src\traditional\stdclib\slenpgm.asm
                     test   0x003088    program     static                          
              tmr0Handler   0x001700    program     extern E:\healthSystem.X\app\main.c
              tmr1Handler   0x001752    program     extern E:\healthSystem.X\app\main.c
                 vfprintf   0x0009da    program     extern E:\3.46\pic18-lt\cxx-framework\src\traditional\stdclib\vfprintf.c
               zero_block   0x003896    program     static E:\3.46\pic18-lt\cxx-framework\src\traditional\proc\p18f452.asm
                   ADCON0   0x000fc2       data     extern E:\3.46\pic18-lt\cxx-framework\src\traditional\proc\p18f452.asm
               ADCON0bits   0x000fc2       data     extern E:\3.46\pic18-lt\cxx-framework\src\traditional\proc\p18f452.asm
                   ADCON1   0x000fc1       data     extern E:\3.46\pic18-lt\cxx-framework\src\traditional\proc\p18f452.asm
               ADCON1bits   0x000fc1       data     extern E:\3.46\pic18-lt\cxx-framework\src\traditional\proc\p18f452.asm
                    ADRES   0x000fc3       data     extern E:\3.46\pic18-lt\cxx-framework\src\traditional\proc\p18f452.asm
                   ADRESH   0x000fc4       data     extern E:\3.46\pic18-lt\cxx-framework\src\traditional\proc\p18f452.asm
                   ADRESL   0x000fc3       data     extern E:\3.46\pic18-lt\cxx-framework\src\traditional\proc\p18f452.asm
                      BSR   0x000fe0       data     extern E:\3.46\pic18-lt\cxx-framework\src\traditional\proc\p18f452.asm
                  CCP1CON   0x000fbd       data     extern E:\3.46\pic18-lt\cxx-framework\src\traditional\proc\p18f452.asm
              CCP1CONbits   0x000fbd       data     extern E:\3.46\pic18-lt\cxx-framework\src\traditional\proc\p18f452.asm
                  CCP2CON   0x000fba       data     extern E:\3.46\pic18-lt\cxx-framework\src\traditional\proc\p18f452.asm
              CCP2CONbits   0x000fba       data     extern E:\3.46\pic18-lt\cxx-framework\src\traditional\proc\p18f452.asm
                    CCPR1   0x000fbe       data     extern E:\3.46\pic18-lt\cxx-framework\src\traditional\proc\p18f452.asm
                   CCPR1H   0x000fbf       data     extern E:\3.46\pic18-lt\cxx-framework\src\traditional\proc\p18f452.asm
                   CCPR1L   0x000fbe       data     extern E:\3.46\pic18-lt\cxx-framework\src\traditional\proc\p18f452.asm
                    CCPR2   0x000fbb       data     extern E:\3.46\pic18-lt\cxx-framework\src\traditional\proc\p18f452.asm
                   CCPR2H   0x000fbc       data     extern E:\3.46\pic18-lt\cxx-framework\src\traditional\proc\p18f452.asm
                   CCPR2L   0x000fbb       data     extern E:\3.46\pic18-lt\cxx-framework\src\traditional\proc\p18f452.asm
                CapStatus   0x0000d6       data     extern E:\3.46\pic18-lt\cxx-framework\src\pmc_common\CCP\cap18def.c
                     DDRA   0x000f92       data     extern E:\3.46\pic18-lt\cxx-framework\src\traditional\proc\p18f452.asm
                 DDRAbits   0x000f92       data     extern E:\3.46\pic18-lt\cxx-framework\src\traditional\proc\p18f452.asm
                     DDRB   0x000f93       data     extern E:\3.46\pic18-lt\cxx-framework\src\traditional\proc\p18f452.asm
                 DDRBbits   0x000f93       data     extern E:\3.46\pic18-lt\cxx-framework\src\traditional\proc\p18f452.asm
                     DDRC   0x000f94       data     extern E:\3.46\pic18-lt\cxx-framework\src\traditional\proc\p18f452.asm
                 DDRCbits   0x000f94       data     extern E:\3.46\pic18-lt\cxx-framework\src\traditional\proc\p18f452.asm
                     DDRD   0x000f95       data     extern E:\3.46\pic18-lt\cxx-framework\src\traditional\proc\p18f452.asm
                 DDRDbits   0x000f95       data     extern E:\3.46\pic18-lt\cxx-framework\src\traditional\proc\p18f452.asm
                     DDRE   0x000f96       data     extern E:\3.46\pic18-lt\cxx-framework\src\traditional\proc\p18f452.asm
                 DDREbits   0x000f96       data     extern E:\3.46\pic18-lt\cxx-framework\src\traditional\proc\p18f452.asm
            DelayCounter1   0x000035       data     extern E:\3.46\pic18-lt\cxx-framework\src\traditional\delays\delayd1.asm
            DelayCounter2   0x000034       data     extern E:\3.46\pic18-lt\cxx-framework\src\traditional\delays\delayd2.asm
                    EEADR   0x000fa9       data     extern E:\3.46\pic18-lt\cxx-framework\src\traditional\proc\p18f452.asm
                   EECON1   0x000fa6       data     extern E:\3.46\pic18-lt\cxx-framework\src\traditional\proc\p18f452.asm
               EECON1bits   0x000fa6       data     extern E:\3.46\pic18-lt\cxx-framework\src\traditional\proc\p18f452.asm
                   EECON2   0x000fa7       data     extern E:\3.46\pic18-lt\cxx-framework\src\traditional\proc\p18f452.asm
                   EEDATA   0x000fa8       data     extern E:\3.46\pic18-lt\cxx-framework\src\traditional\proc\p18f452.asm
                     FSR0   0x000fe9       data     extern E:\3.46\pic18-lt\cxx-framework\src\traditional\proc\p18f452.asm
                    FSR0H   0x000fea       data     extern E:\3.46\pic18-lt\cxx-framework\src\traditional\proc\p18f452.asm
                    FSR0L   0x000fe9       data     extern E:\3.46\pic18-lt\cxx-framework\src\traditional\proc\p18f452.asm
                     FSR1   0x000fe1       data     extern E:\3.46\pic18-lt\cxx-framework\src\traditional\proc\p18f452.asm
                    FSR1H   0x000fe2       data     extern E:\3.46\pic18-lt\cxx-framework\src\traditional\proc\p18f452.asm
                    FSR1L   0x000fe1       data     extern E:\3.46\pic18-lt\cxx-framework\src\traditional\proc\p18f452.asm
                     FSR2   0x000fd9       data     extern E:\3.46\pic18-lt\cxx-framework\src\traditional\proc\p18f452.asm
                    FSR2H   0x000fda       data     extern E:\3.46\pic18-lt\cxx-framework\src\traditional\proc\p18f452.asm
                    FSR2L   0x000fd9       data     extern E:\3.46\pic18-lt\cxx-framework\src\traditional\proc\p18f452.asm
                    INDF0   0x000fef       data     extern E:\3.46\pic18-lt\cxx-framework\src\traditional\proc\p18f452.asm
                    INDF1   0x000fe7       data     extern E:\3.46\pic18-lt\cxx-framework\src\traditional\proc\p18f452.asm
                    INDF2   0x000fdf       data     extern E:\3.46\pic18-lt\cxx-framework\src\traditional\proc\p18f452.asm
                   INTCON   0x000ff2       data     extern E:\3.46\pic18-lt\cxx-framework\src\traditional\proc\p18f452.asm
                  INTCON1   0x000ff2       data     extern E:\3.46\pic18-lt\cxx-framework\src\traditional\proc\p18f452.asm
              INTCON1bits   0x000ff2       data     extern E:\3.46\pic18-lt\cxx-framework\src\traditional\proc\p18f452.asm
                  INTCON2   0x000ff1       data     extern E:\3.46\pic18-lt\cxx-framework\src\traditional\proc\p18f452.asm
              INTCON2bits   0x000ff1       data     extern E:\3.46\pic18-lt\cxx-framework\src\traditional\proc\p18f452.asm
                  INTCON3   0x000ff0       data     extern E:\3.46\pic18-lt\cxx-framework\src\traditional\proc\p18f452.asm
              INTCON3bits   0x000ff0       data     extern E:\3.46\pic18-lt\cxx-framework\src\traditional\proc\p18f452.asm
               INTCONbits   0x000ff2       data     extern E:\3.46\pic18-lt\cxx-framework\src\traditional\proc\p18f452.asm
                     IPR1   0x000f9f       data     extern E:\3.46\pic18-lt\cxx-framework\src\traditional\proc\p18f452.asm
                 IPR1bits   0x000f9f       data     extern E:\3.46\pic18-lt\cxx-framework\src\traditional\proc\p18f452.asm
                     IPR2   0x000fa2       data     extern E:\3.46\pic18-lt\cxx-framework\src\traditional\proc\p18f452.asm
                 IPR2bits   0x000fa2       data     extern E:\3.46\pic18-lt\cxx-framework\src\traditional\proc\p18f452.asm
                     LATA   0x000f89       data     extern E:\3.46\pic18-lt\cxx-framework\src\traditional\proc\p18f452.asm
                 LATAbits   0x000f89       data     extern E:\3.46\pic18-lt\cxx-framework\src\traditional\proc\p18f452.asm
                     LATB   0x000f8a       data     extern E:\3.46\pic18-lt\cxx-framework\src\traditional\proc\p18f452.asm
                 LATBbits   0x000f8a       data     extern E:\3.46\pic18-lt\cxx-framework\src\traditional\proc\p18f452.asm
                     LATC   0x000f8b       data     extern E:\3.46\pic18-lt\cxx-framework\src\traditional\proc\p18f452.asm
                 LATCbits   0x000f8b       data     extern E:\3.46\pic18-lt\cxx-framework\src\traditional\proc\p18f452.asm
                     LATD   0x000f8c       data     extern E:\3.46\pic18-lt\cxx-framework\src\traditional\proc\p18f452.asm
                 LATDbits   0x000f8c       data     extern E:\3.46\pic18-lt\cxx-framework\src\traditional\proc\p18f452.asm
                     LATE   0x000f8d       data     extern E:\3.46\pic18-lt\cxx-framework\src\traditional\proc\p18f452.asm
                 LATEbits   0x000f8d       data     extern E:\3.46\pic18-lt\cxx-framework\src\traditional\proc\p18f452.asm
                   LVDCON   0x000fd2       data     extern E:\3.46\pic18-lt\cxx-framework\src\traditional\proc\p18f452.asm
               LVDCONbits   0x000fd2       data     extern E:\3.46\pic18-lt\cxx-framework\src\traditional\proc\p18f452.asm
                   OSCCON   0x000fd3       data     extern E:\3.46\pic18-lt\cxx-framework\src\traditional\proc\p18f452.asm
               OSCCONbits   0x000fd3       data     extern E:\3.46\pic18-lt\cxx-framework\src\traditional\proc\p18f452.asm
                       PC   0x000ff9       data     extern E:\3.46\pic18-lt\cxx-framework\src\traditional\proc\p18f452.asm
                      PCL   0x000ff9       data     extern E:\3.46\pic18-lt\cxx-framework\src\traditional\proc\p18f452.asm
                   PCLATH   0x000ffa       data     extern E:\3.46\pic18-lt\cxx-framework\src\traditional\proc\p18f452.asm
                   PCLATU   0x000ffb       data     extern E:\3.46\pic18-lt\cxx-framework\src\traditional\proc\p18f452.asm
                     PIE1   0x000f9d       data     extern E:\3.46\pic18-lt\cxx-framework\src\traditional\proc\p18f452.asm
                 PIE1bits   0x000f9d       data     extern E:\3.46\pic18-lt\cxx-framework\src\traditional\proc\p18f452.asm
                     PIE2   0x000fa0       data     extern E:\3.46\pic18-lt\cxx-framework\src\traditional\proc\p18f452.asm
                 PIE2bits   0x000fa0       data     extern E:\3.46\pic18-lt\cxx-framework\src\traditional\proc\p18f452.asm
                     PIR1   0x000f9e       data     extern E:\3.46\pic18-lt\cxx-framework\src\traditional\proc\p18f452.asm
                 PIR1bits   0x000f9e       data     extern E:\3.46\pic18-lt\cxx-framework\src\traditional\proc\p18f452.asm
                     PIR2   0x000fa1       data     extern E:\3.46\pic18-lt\cxx-framework\src\traditional\proc\p18f452.asm
                 PIR2bits   0x000fa1       data     extern E:\3.46\pic18-lt\cxx-framework\src\traditional\proc\p18f452.asm
                   PLUSW0   0x000feb       data     extern E:\3.46\pic18-lt\cxx-framework\src\traditional\proc\p18f452.asm
                   PLUSW1   0x000fe3       data     extern E:\3.46\pic18-lt\cxx-framework\src\traditional\proc\p18f452.asm
                   PLUSW2   0x000fdb       data     extern E:\3.46\pic18-lt\cxx-framework\src\traditional\proc\p18f452.asm
                    PORTA   0x000f80       data     extern E:\3.46\pic18-lt\cxx-framework\src\traditional\proc\p18f452.asm
                PORTAbits   0x000f80       data     extern E:\3.46\pic18-lt\cxx-framework\src\traditional\proc\p18f452.asm
                    PORTB   0x000f81       data     extern E:\3.46\pic18-lt\cxx-framework\src\traditional\proc\p18f452.asm
                PORTBbits   0x000f81       data     extern E:\3.46\pic18-lt\cxx-framework\src\traditional\proc\p18f452.asm
                    PORTC   0x000f82       data     extern E:\3.46\pic18-lt\cxx-framework\src\traditional\proc\p18f452.asm
                PORTCbits   0x000f82       data     extern E:\3.46\pic18-lt\cxx-framework\src\traditional\proc\p18f452.asm
                    PORTD   0x000f83       data     extern E:\3.46\pic18-lt\cxx-framework\src\traditional\proc\p18f452.asm
                PORTDbits   0x000f83       data     extern E:\3.46\pic18-lt\cxx-framework\src\traditional\proc\p18f452.asm
                    PORTE   0x000f84       data     extern E:\3.46\pic18-lt\cxx-framework\src\traditional\proc\p18f452.asm
                PORTEbits   0x000f84       data     extern E:\3.46\pic18-lt\cxx-framework\src\traditional\proc\p18f452.asm
                 POSTDEC0   0x000fed       data     extern E:\3.46\pic18-lt\cxx-framework\src\traditional\proc\p18f452.asm
                 POSTDEC1   0x000fe5       data     extern E:\3.46\pic18-lt\cxx-framework\src\traditional\proc\p18f452.asm
                 POSTDEC2   0x000fdd       data     extern E:\3.46\pic18-lt\cxx-framework\src\traditional\proc\p18f452.asm
                 POSTINC0   0x000fee       data     extern E:\3.46\pic18-lt\cxx-framework\src\traditional\proc\p18f452.asm
                 POSTINC1   0x000fe6       data     extern E:\3.46\pic18-lt\cxx-framework\src\traditional\proc\p18f452.asm
                 POSTINC2   0x000fde       data     extern E:\3.46\pic18-lt\cxx-framework\src\traditional\proc\p18f452.asm
                      PR2   0x000fcb       data     extern E:\3.46\pic18-lt\cxx-framework\src\traditional\proc\p18f452.asm
                  PREINC0   0x000fec       data     extern E:\3.46\pic18-lt\cxx-framework\src\traditional\proc\p18f452.asm
                  PREINC1   0x000fe4       data     extern E:\3.46\pic18-lt\cxx-framework\src\traditional\proc\p18f452.asm
                  PREINC2   0x000fdc       data     extern E:\3.46\pic18-lt\cxx-framework\src\traditional\proc\p18f452.asm
                     PROD   0x000ff3       data     extern E:\3.46\pic18-lt\cxx-framework\src\traditional\proc\p18f452.asm
                    PRODH   0x000ff4       data     extern E:\3.46\pic18-lt\cxx-framework\src\traditional\proc\p18f452.asm
                    PRODL   0x000ff3       data     extern E:\3.46\pic18-lt\cxx-framework\src\traditional\proc\p18f452.asm
                     RCON   0x000fd0       data     extern E:\3.46\pic18-lt\cxx-framework\src\traditional\proc\p18f452.asm
                 RCONbits   0x000fd0       data     extern E:\3.46\pic18-lt\cxx-framework\src\traditional\proc\p18f452.asm
                    RCREG   0x000fae       data     extern E:\3.46\pic18-lt\cxx-framework\src\traditional\proc\p18f452.asm
                    RCSTA   0x000fab       data     extern E:\3.46\pic18-lt\cxx-framework\src\traditional\proc\p18f452.asm
                RCSTAbits   0x000fab       data     extern E:\3.46\pic18-lt\cxx-framework\src\traditional\proc\p18f452.asm
                     SIGN   0x000020       data     extern E:\3.46\pic18-lt\cxx-framework\src\traditional\math\cmath18.asm
                    SPBRG   0x000faf       data     extern E:\3.46\pic18-lt\cxx-framework\src\traditional\proc\p18f452.asm
                   SSPADD   0x000fc8       data     extern E:\3.46\pic18-lt\cxx-framework\src\traditional\proc\p18f452.asm
                   SSPBUF   0x000fc9       data     extern E:\3.46\pic18-lt\cxx-framework\src\traditional\proc\p18f452.asm
                  SSPCON1   0x000fc6       data     extern E:\3.46\pic18-lt\cxx-framework\src\traditional\proc\p18f452.asm
              SSPCON1bits   0x000fc6       data     extern E:\3.46\pic18-lt\cxx-framework\src\traditional\proc\p18f452.asm
                  SSPCON2   0x000fc5       data     extern E:\3.46\pic18-lt\cxx-framework\src\traditional\proc\p18f452.asm
              SSPCON2bits   0x000fc5       data     extern E:\3.46\pic18-lt\cxx-framework\src\traditional\proc\p18f452.asm
                  SSPSTAT   0x000fc7       data     extern E:\3.46\pic18-lt\cxx-framework\src\traditional\proc\p18f452.asm
              SSPSTATbits   0x000fc7       data     extern E:\3.46\pic18-lt\cxx-framework\src\traditional\proc\p18f452.asm
                   STATUS   0x000fd8       data     extern E:\3.46\pic18-lt\cxx-framework\src\traditional\proc\p18f452.asm
               STATUSbits   0x000fd8       data     extern E:\3.46\pic18-lt\cxx-framework\src\traditional\proc\p18f452.asm
                   STKPTR   0x000ffc       data     extern E:\3.46\pic18-lt\cxx-framework\src\traditional\proc\p18f452.asm
               STKPTRbits   0x000ffc       data     extern E:\3.46\pic18-lt\cxx-framework\src\traditional\proc\p18f452.asm
                    T0CON   0x000fd5       data     extern E:\3.46\pic18-lt\cxx-framework\src\traditional\proc\p18f452.asm
                T0CONbits   0x000fd5       data     extern E:\3.46\pic18-lt\cxx-framework\src\traditional\proc\p18f452.asm
                    T1CON   0x000fcd       data     extern E:\3.46\pic18-lt\cxx-framework\src\traditional\proc\p18f452.asm
                T1CONbits   0x000fcd       data     extern E:\3.46\pic18-lt\cxx-framework\src\traditional\proc\p18f452.asm
                    T2CON   0x000fca       data     extern E:\3.46\pic18-lt\cxx-framework\src\traditional\proc\p18f452.asm
                T2CONbits   0x000fca       data     extern E:\3.46\pic18-lt\cxx-framework\src\traditional\proc\p18f452.asm
                    T3CON   0x000fb1       data     extern E:\3.46\pic18-lt\cxx-framework\src\traditional\proc\p18f452.asm
                T3CONbits   0x000fb1       data     extern E:\3.46\pic18-lt\cxx-framework\src\traditional\proc\p18f452.asm
                   TABLAT   0x000ff5       data     extern E:\3.46\pic18-lt\cxx-framework\src\traditional\proc\p18f452.asm
                   TBLPTR   0x000ff6       data     extern E:\3.46\pic18-lt\cxx-framework\src\traditional\proc\p18f452.asm
                  TBLPTRH   0x000ff7       data     extern E:\3.46\pic18-lt\cxx-framework\src\traditional\proc\p18f452.asm
                  TBLPTRL   0x000ff6       data     extern E:\3.46\pic18-lt\cxx-framework\src\traditional\proc\p18f452.asm
[...]
                PORTDbits   0x000f83       data     extern E:\3.46\pic18-lt\cxx-framework\src\traditional\proc\p18f452.asm
                    PORTE   0x000f84       data     extern E:\3.46\pic18-lt\cxx-framework\src\traditional\proc\p18f452.asm
                PORTEbits   0x000f84       data     extern E:\3.46\pic18-lt\cxx-framework\src\traditional\proc\p18f452.asm
                 LATAbits   0x000f89       data     extern E:\3.46\pic18-lt\cxx-framework\src\traditional\proc\p18f452.asm
                     LATA   0x000f89       data     extern E:\3.46\pic18-lt\cxx-framework\src\traditional\proc\p18f452.asm
                     LATB   0x000f8a       data     extern E:\3.46\pic18-lt\cxx-framework\src\traditional\proc\p18f452.asm
                 LATBbits   0x000f8a       data     extern E:\3.46\pic18-lt\cxx-framework\src\traditional\proc\p18f452.asm
                     LATC   0x000f8b       data     extern E:\3.46\pic18-lt\cxx-framework\src\traditional\proc\p18f452.asm
                 LATCbits   0x000f8b       data     extern E:\3.46\pic18-lt\cxx-framework\src\traditional\proc\p18f452.asm
                     LATD   0x000f8c       data     extern E:\3.46\pic18-lt\cxx-framework\src\traditional\proc\p18f452.asm
                 LATDbits   0x000f8c       data     extern E:\3.46\pic18-lt\cxx-framework\src\traditional\proc\p18f452.asm
                 LATEbits   0x000f8d       data     extern E:\3.46\pic18-lt\cxx-framework\src\traditional\proc\p18f452.asm
                     LATE   0x000f8d       data     extern E:\3.46\pic18-lt\cxx-framework\src\traditional\proc\p18f452.asm
                TRISAbits   0x000f92       data     extern E:\3.46\pic18-lt\cxx-framework\src\traditional\proc\p18f452.asm
                    TRISA   0x000f92       data     extern E:\3.46\pic18-lt\cxx-framework\src\traditional\proc\p18f452.asm
                     DDRA   0x000f92       data     extern E:\3.46\pic18-lt\cxx-framework\src\traditional\proc\p18f452.asm
                 DDRAbits   0x000f92       data     extern E:\3.46\pic18-lt\cxx-framework\src\traditional\proc\p18f452.asm
                TRISBbits   0x000f93       data     extern E:\3.46\pic18-lt\cxx-framework\src\traditional\proc\p18f452.asm
                    TRISB   0x000f93       data     extern E:\3.46\pic18-lt\cxx-framework\src\traditional\proc\p18f452.asm
                     DDRB   0x000f93       data     extern E:\3.46\pic18-lt\cxx-framework\src\traditional\proc\p18f452.asm
                 DDRBbits   0x000f93       data     extern E:\3.46\pic18-lt\cxx-framework\src\traditional\proc\p18f452.asm
                    TRISC   0x000f94       data     extern E:\3.46\pic18-lt\cxx-framework\src\traditional\proc\p18f452.asm
                TRISCbits   0x000f94       data     extern E:\3.46\pic18-lt\cxx-framework\src\traditional\proc\p18f452.asm
                 DDRCbits   0x000f94       data     extern E:\3.46\pic18-lt\cxx-framework\src\traditional\proc\p18f452.asm
                     DDRC   0x000f94       data     extern E:\3.46\pic18-lt\cxx-framework\src\traditional\proc\p18f452.asm
                 DDRDbits   0x000f95       data     extern E:\3.46\pic18-lt\cxx-framework\src\traditional\proc\p18f452.asm
                     DDRD   0x000f95       data     extern E:\3.46\pic18-lt\cxx-framework\src\traditional\proc\p18f452.asm
                TRISDbits   0x000f95       data     extern E:\3.46\pic18-lt\cxx-framework\src\traditional\proc\p18f452.asm
                    TRISD   0x000f95       data     extern E:\3.46\pic18-lt\cxx-framework\src\traditional\proc\p18f452.asm
                TRISEbits   0x000f96       data     extern E:\3.46\pic18-lt\cxx-framework\src\traditional\proc\p18f452.asm
                    TRISE   0x000f96       data     extern E:\3.46\pic18-lt\cxx-framework\src\traditional\proc\p18f452.asm
                     DDRE   0x000f96       data     extern E:\3.46\pic18-lt\cxx-framework\src\traditional\proc\p18f452.asm
                 DDREbits   0x000f96       data     extern E:\3.46\pic18-lt\cxx-framework\src\traditional\proc\p18f452.asm
                 PIE1bits   0x000f9d       data     extern E:\3.46\pic18-lt\cxx-framework\src\traditional\proc\p18f452.asm
                     PIE1   0x000f9d       data     extern E:\3.46\pic18-lt\cxx-framework\src\traditional\proc\p18f452.asm
                     PIR1   0x000f9e       data     extern E:\3.46\pic18-lt\cxx-framework\src\traditional\proc\p18f452.asm
                 PIR1bits   0x000f9e       data     extern E:\3.46\pic18-lt\cxx-framework\src\traditional\proc\p18f452.asm
                 IPR1bits   0x000f9f       data     extern E:\3.46\pic18-lt\cxx-framework\src\traditional\proc\p18f452.asm
                     IPR1   0x000f9f       data     extern E:\3.46\pic18-lt\cxx-framework\src\traditional\proc\p18f452.asm
                 PIE2bits   0x000fa0       data     extern E:\3.46\pic18-lt\cxx-framework\src\traditional\proc\p18f452.asm
                     PIE2   0x000fa0       data     extern E:\3.46\pic18-lt\cxx-framework\src\traditional\proc\p18f452.asm
                     PIR2   0x000fa1       data     extern E:\3.46\pic18-lt\cxx-framework\src\traditional\proc\p18f452.asm
                 PIR2bits   0x000fa1       data     extern E:\3.46\pic18-lt\cxx-framework\src\traditional\proc\p18f452.asm
                 IPR2bits   0x000fa2       data     extern E:\3.46\pic18-lt\cxx-framework\src\traditional\proc\p18f452.asm
                     IPR2   0x000fa2       data     extern E:\3.46\pic18-lt\cxx-framework\src\traditional\proc\p18f452.asm
                   EECON1   0x000fa6       data     extern E:\3.46\pic18-lt\cxx-framework\src\traditional\proc\p18f452.asm
               EECON1bits   0x000fa6       data     extern E:\3.46\pic18-lt\cxx-framework\src\traditional\proc\p18f452.asm
                   EECON2   0x000fa7       data     extern E:\3.46\pic18-lt\cxx-framework\src\traditional\proc\p18f452.asm
                   EEDATA   0x000fa8       data     extern E:\3.46\pic18-lt\cxx-framework\src\traditional\proc\p18f452.asm
                    EEADR   0x000fa9       data     extern E:\3.46\pic18-lt\cxx-framework\src\traditional\proc\p18f452.asm
                RCSTAbits   0x000fab       data     extern E:\3.46\pic18-lt\cxx-framework\src\traditional\proc\p18f452.asm
                    RCSTA   0x000fab       data     extern E:\3.46\pic18-lt\cxx-framework\src\traditional\proc\p18f452.asm
                TXSTAbits   0x000fac       data     extern E:\3.46\pic18-lt\cxx-framework\src\traditional\proc\p18f452.asm
                    TXSTA   0x000fac       data     extern E:\3.46\pic18-lt\cxx-framework\src\traditional\proc\p18f452.asm
                    TXREG   0x000fad       data     extern E:\3.46\pic18-lt\cxx-framework\src\traditional\proc\p18f452.asm
                    RCREG   0x000fae       data     extern E:\3.46\pic18-lt\cxx-framework\src\traditional\proc\p18f452.asm
                    SPBRG   0x000faf       data     extern E:\3.46\pic18-lt\cxx-framework\src\traditional\proc\p18f452.asm
                    T3CON   0x000fb1       data     extern E:\3.46\pic18-lt\cxx-framework\src\traditional\proc\p18f452.asm
                T3CONbits   0x000fb1       data     extern E:\3.46\pic18-lt\cxx-framework\src\traditional\proc\p18f452.asm
                    TMR3L   0x000fb2       data     extern E:\3.46\pic18-lt\cxx-framework\src\traditional\proc\p18f452.asm
                    TMR3H   0x000fb3       data     extern E:\3.46\pic18-lt\cxx-framework\src\traditional\proc\p18f452.asm
                  CCP2CON   0x000fba       data     extern E:\3.46\pic18-lt\cxx-framework\src\traditional\proc\p18f452.asm
              CCP2CONbits   0x000fba       data     extern E:\3.46\pic18-lt\cxx-framework\src\traditional\proc\p18f452.asm
                   CCPR2L   0x000fbb       data     extern E:\3.46\pic18-lt\cxx-framework\src\traditional\proc\p18f452.asm
                    CCPR2   0x000fbb       data     extern E:\3.46\pic18-lt\cxx-framework\src\traditional\proc\p18f452.asm
                   CCPR2H   0x000fbc       data     extern E:\3.46\pic18-lt\cxx-framework\src\traditional\proc\p18f452.asm
              CCP1CONbits   0x000fbd       data     extern E:\3.46\pic18-lt\cxx-framework\src\traditional\proc\p18f452.asm
                  CCP1CON   0x000fbd       data     extern E:\3.46\pic18-lt\cxx-framework\src\traditional\proc\p18f452.asm
                   CCPR1L   0x000fbe       data     extern E:\3.46\pic18-lt\cxx-framework\src\traditional\proc\p18f452.asm
                    CCPR1   0x000fbe       data     extern E:\3.46\pic18-lt\cxx-framework\src\traditional\proc\p18f452.asm
                   CCPR1H   0x000fbf       data     extern E:\3.46\pic18-lt\cxx-framework\src\traditional\proc\p18f452.asm
                   ADCON1   0x000fc1       data     extern E:\3.46\pic18-lt\cxx-framework\src\traditional\proc\p18f452.asm
               ADCON1bits   0x000fc1       data     extern E:\3.46\pic18-lt\cxx-framework\src\traditional\proc\p18f452.asm
                   ADCON0   0x000fc2       data     extern E:\3.46\pic18-lt\cxx-framework\src\traditional\proc\p18f452.asm
               ADCON0bits   0x000fc2       data     extern E:\3.46\pic18-lt\cxx-framework\src\traditional\proc\p18f452.asm
                    ADRES   0x000fc3       data     extern E:\3.46\pic18-lt\cxx-framework\src\traditional\proc\p18f452.asm
                   ADRESL   0x000fc3       data     extern E:\3.46\pic18-lt\cxx-framework\src\traditional\proc\p18f452.asm
                   ADRESH   0x000fc4       data     extern E:\3.46\pic18-lt\cxx-framework\src\traditional\proc\p18f452.asm
                  SSPCON2   0x000fc5       data     extern E:\3.46\pic18-lt\cxx-framework\src\traditional\proc\p18f452.asm
              SSPCON2bits   0x000fc5       data     extern E:\3.46\pic18-lt\cxx-framework\src\traditional\proc\p18f452.asm
                  SSPCON1   0x000fc6       data     extern E:\3.46\pic18-lt\cxx-framework\src\traditional\proc\p18f452.asm
              SSPCON1bits   0x000fc6       data     extern E:\3.46\pic18-lt\cxx-framework\src\traditional\proc\p18f452.asm
                  SSPSTAT   0x000fc7       data     extern E:\3.46\pic18-lt\cxx-framework\src\traditional\proc\p18f452.asm
              SSPSTATbits   0x000fc7       data     extern E:\3.46\pic18-lt\cxx-framework\src\traditional\proc\p18f452.asm
                   SSPADD   0x000fc8       data     extern E:\3.46\pic18-lt\cxx-framework\src\traditional\proc\p18f452.asm
                   SSPBUF   0x000fc9       data     extern E:\3.46\pic18-lt\cxx-framework\src\traditional\proc\p18f452.asm
                    T2CON   0x000fca       data     extern E:\3.46\pic18-lt\cxx-framework\src\traditional\proc\p18f452.asm
                T2CONbits   0x000fca       data     extern E:\3.46\pic18-lt\cxx-framework\src\traditional\proc\p18f452.asm
                      PR2   0x000fcb       data     extern E:\3.46\pic18-lt\cxx-framework\src\traditional\proc\p18f452.asm
                     TMR2   0x000fcc       data     extern E:\3.46\pic18-lt\cxx-framework\src\traditional\proc\p18f452.asm
                T1CONbits   0x000fcd       data     extern E:\3.46\pic18-lt\cxx-framework\src\traditional\proc\p18f452.asm
                    T1CON   0x000fcd       data     extern E:\3.46\pic18-lt\cxx-framework\src\traditional\proc\p18f452.asm
                    TMR1L   0x000fce       data     extern E:\3.46\pic18-lt\cxx-framework\src\traditional\proc\p18f452.asm
                    TMR1H   0x000fcf       data     extern E:\3.46\pic18-lt\cxx-framework\src\traditional\proc\p18f452.asm
                     RCON   0x000fd0       data     extern E:\3.46\pic18-lt\cxx-framework\src\traditional\proc\p18f452.asm
                 RCONbits   0x000fd0       data     extern E:\3.46\pic18-lt\cxx-framework\src\traditional\proc\p18f452.asm
                   WDTCON   0x000fd1       data     extern E:\3.46\pic18-lt\cxx-framework\src\traditional\proc\p18f452.asm
               WDTCONbits   0x000fd1       data     extern E:\3.46\pic18-lt\cxx-framework\src\traditional\proc\p18f452.asm
               LVDCONbits   0x000fd2       data     extern E:\3.46\pic18-lt\cxx-framework\src\traditional\proc\p18f452.asm
                   LVDCON   0x000fd2       data     extern E:\3.46\pic18-lt\cxx-framework\src\traditional\proc\p18f452.asm
               OSCCONbits   0x000fd3       data     extern E:\3.46\pic18-lt\cxx-framework\src\traditional\proc\p18f452.asm
                   OSCCON   0x000fd3       data     extern E:\3.46\pic18-lt\cxx-framework\src\traditional\proc\p18f452.asm
                    T0CON   0x000fd5       data     extern E:\3.46\pic18-lt\cxx-framework\src\traditional\proc\p18f452.asm
                T0CONbits   0x000fd5       data     extern E:\3.46\pic18-lt\cxx-framework\src\traditional\proc\p18f452.asm
                    TMR0L   0x000fd6       data     extern E:\3.46\pic18-lt\cxx-framework\src\traditional\proc\p18f452.asm
                    TMR0H   0x000fd7       data     extern E:\3.46\pic18-lt\cxx-framework\src\traditional\proc\p18f452.asm
               STATUSbits   0x000fd8       data     extern E:\3.46\pic18-lt\cxx-framework\src\traditional\proc\p18f452.asm
                   STATUS   0x000fd8       data     extern E:\3.46\pic18-lt\cxx-framework\src\traditional\proc\p18f452.asm
                    FSR2L   0x000fd9       data     extern E:\3.46\pic18-lt\cxx-framework\src\traditional\proc\p18f452.asm
                     FSR2   0x000fd9       data     extern E:\3.46\pic18-lt\cxx-framework\src\traditional\proc\p18f452.asm
                    FSR2H   0x000fda       data     extern E:\3.46\pic18-lt\cxx-framework\src\traditional\proc\p18f452.asm
                   PLUSW2   0x000fdb       data     extern E:\3.46\pic18-lt\cxx-framework\src\traditional\proc\p18f452.asm
                  PREINC2   0x000fdc       data     extern E:\3.46\pic18-lt\cxx-framework\src\traditional\proc\p18f452.asm
                 POSTDEC2   0x000fdd       data     extern E:\3.46\pic18-lt\cxx-framework\src\traditional\proc\p18f452.asm
                 POSTINC2   0x000fde       data     extern E:\3.46\pic18-lt\cxx-framework\src\traditional\proc\p18f452.asm
                    INDF2   0x000fdf       data     extern E:\3.46\pic18-lt\cxx-framework\src\traditional\proc\p18f452.asm
                      BSR   0x000fe0       data     extern E:\3.46\pic18-lt\cxx-framework\src\traditional\proc\p18f452.asm
                     FSR1   0x000fe1       data     extern E:\3.46\pic18-lt\cxx-framework\src\traditional\proc\p18f452.asm
                    FSR1L   0x000fe1       data     extern E:\3.46\pic18-lt\cxx-framework\src\traditional\proc\p18f452.asm
                    FSR1H   0x000fe2       data     extern E:\3.46\pic18-lt\cxx-framework\src\traditional\proc\p18f452.asm
                   PLUSW1   0x000fe3       data     extern E:\3.46\pic18-lt\cxx-framework\src\traditional\proc\p18f452.asm
                  PREINC1   0x000fe4       data     extern E:\3.46\pic18-lt\cxx-framework\src\traditional\proc\p18f452.asm
                 POSTDEC1   0x000fe5       data     extern E:\3.46\pic18-lt\cxx-framework\src\traditional\proc\p18f452.asm
                 POSTINC1   0x000fe6       data     extern E:\3.46\pic18-lt\cxx-framework\src\traditional\proc\p18f452.asm
                    INDF1   0x000fe7       data     extern E:\3.46\pic18-lt\cxx-framework\src\traditional\proc\p18f452.asm
                     WREG   0x000fe8       data     extern E:\3.46\pic18-lt\cxx-framework\src\traditional\proc\p18f452.asm
                        W   0x000fe8       data     extern E:\3.46\pic18-lt\cxx-framework\src\traditional\proc\p18f452.asm
                     FSR0   0x000fe9       data     extern E:\3.46\pic18-lt\cxx-framework\src\traditional\proc\p18f452.asm
                    FSR0L   0x000fe9       data     extern E:\3.46\pic18-lt\cxx-framework\src\traditional\proc\p18f452.asm
                    FSR0H   0x000fea       data     extern E:\3.46\pic18-lt\cxx-framework\src\traditional\proc\p18f452.asm
                   PLUSW0   0x000feb       data     extern E:\3.46\pic18-lt\cxx-framework\src\traditional\proc\p18f452.asm
                  PREINC0   0x000fec       data     extern E:\3.46\pic18-lt\cxx-framework\src\traditional\proc\p18f452.asm
                 POSTDEC0   0x000fed       data     extern E:\3.46\pic18-lt\cxx-framework\src\traditional\proc\p18f452.asm
                 POSTINC0   0x000fee       data     extern E:\3.46\pic18-lt\cxx-framework\src\traditional\proc\p18f452.asm
                    INDF0   0x000fef       data     extern E:\3.46\pic18-lt\cxx-framework\src\traditional\proc\p18f452.asm
              INTCON3bits   0x000ff0       data     extern E:\3.46\pic18-lt\cxx-framework\src\traditional\proc\p18f452.asm
                  INTCON3   0x000ff0       data     extern E:\3.46\pic18-lt\cxx-framework\src\traditional\proc\p18f452.asm
              INTCON2bits   0x000ff1       data     extern E:\3.46\pic18-lt\cxx-framework\src\traditional\proc\p18f452.asm
                  INTCON2   0x000ff1       data     extern E:\3.46\pic18-lt\cxx-framework\src\traditional\proc\p18f452.asm
                   INTCON   0x000ff2       data     extern E:\3.46\pic18-lt\cxx-framework\src\traditional\proc\p18f452.asm
                  INTCON1   0x000ff2       data     extern E:\3.46\pic18-lt\cxx-framework\src\traditional\proc\p18f452.asm
              INTCON1bits   0x000ff2       data     extern E:\3.46\pic18-lt\cxx-framework\src\traditional\proc\p18f452.asm
               INTCONbits   0x000ff2       data     extern E:\3.46\pic18-lt\cxx-framework\src\traditional\proc\p18f452.asm
                    PRODL   0x000ff3       data     extern E:\3.46\pic18-lt\cxx-framework\src\traditional\proc\p18f452.asm
                     PROD   0x000ff3       data     extern E:\3.46\pic18-lt\cxx-framework\src\traditional\proc\p18f452.asm
                    PRODH   0x000ff4       data     extern E:\3.46\pic18-lt\cxx-framework\src\traditional\proc\p18f452.asm
                   TABLAT   0x000ff5       data     extern E:\3.46\pic18-lt\cxx-framework\src\traditional\proc\p18f452.asm
                   TBLPTR   0x000ff6       data     extern E:\3.46\pic18-lt\cxx-framework\src\traditional\proc\p18f452.asm
                  TBLPTRL   0x000ff6       data     extern E:\3.46\pic18-lt\cxx-framework\src\traditional\proc\p18f452.asm
                  TBLPTRH   0x000ff7       data     extern E:\3.46\pic18-lt\cxx-framework\src\traditional\proc\p18f452.asm
                  TBLPTRU   0x000ff8       data     extern E:\3.46\pic18-lt\cxx-framework\src\traditional\proc\p18f452.asm
                       PC   0x000ff9       data     extern E:\3.46\pic18-lt\cxx-framework\src\traditional\proc\p18f452.asm
                      PCL   0x000ff9       data     extern E:\3.46\pic18-lt\cxx-framework\src\traditional\proc\p18f452.asm
                   PCLATH   0x000ffa       data     extern E:\3.46\pic18-lt\cxx-framework\src\traditional\proc\p18f452.asm
                   PCLATU   0x000ffb       data     extern E:\3.46\pic18-lt\cxx-framework\src\traditional\proc\p18f452.asm
                   STKPTR   0x000ffc       data     extern E:\3.46\pic18-lt\cxx-framework\src\traditional\proc\p18f452.asm
               STKPTRbits   0x000ffc       data     extern E:\3.46\pic18-lt\cxx-framework\src\traditional\proc\p18f452.asm
                     TOSL   0x000ffd       data     extern E:\3.46\pic18-lt\cxx-framework\src\traditional\proc\p18f452.asm
                      TOS   0x000ffd       data     extern E:\3.46\pic18-lt\cxx-framework\src\traditional\proc\p18f452.asm
                     TOSH   0x000ffe       data     extern E:\3.46\pic18-lt\cxx-framework\src\traditional\proc\p18f452.asm
                     TOSU   0x000fff       data     extern E:\3.46\pic18-lt\cxx-framework\src\traditional\proc\p18f452.asm


